[  +52 ms] executing: sysctl hw.optional.arm64
[  +10 ms] Exit code 1 from: sysctl hw.optional.arm64
[        ] sysctl: unknown oid 'hw.optional.arm64'
[  +15 ms] Artifact Instance of 'MaterialFonts' is not required, skipping update.
[        ] Artifact Instance of 'GradleWrapper' is not required, skipping update.
[        ] Artifact Instance of 'AndroidGenSnapshotArtifacts' is not required, skipping update.
[        ] Artifact Instance of 'AndroidInternalBuildArtifacts' is not required, skipping update.
[        ] Artifact Instance of 'IOSEngineArtifacts' is not required, skipping update.
[        ] Artifact Instance of 'FlutterWebSdk' is not required, skipping update.
[   +1 ms] Artifact Instance of 'LegacyCanvasKitRemover' is not required, skipping update.
[        ] Artifact Instance of 'FlutterSdk' is not required, skipping update.
[        ] Artifact Instance of 'WindowsEngineArtifacts' is not required, skipping update.
[        ] Artifact Instance of 'MacOSEngineArtifacts' is not required, skipping update.
[        ] Artifact Instance of 'LinuxEngineArtifacts' is not required, skipping update.
[        ] Artifact Instance of 'LinuxFuchsiaSDKArtifacts' is not required, skipping update.
[        ] Artifact Instance of 'MacOSFuchsiaSDKArtifacts' is not required, skipping update.
[        ] Artifact Instance of 'FlutterRunnerSDKArtifacts' is not required, skipping update.
[        ] Artifact Instance of 'FlutterRunnerDebugSymbols' is not required, skipping update.
[        ] Artifact Instance of 'IosUsbArtifacts' is not required, skipping update.
[        ] Artifact Instance of 'IosUsbArtifacts' is not required, skipping update.
[        ] Artifact Instance of 'IosUsbArtifacts' is not required, skipping update.
[        ] Artifact Instance of 'IosUsbArtifacts' is not required, skipping update.
[        ] Artifact Instance of 'IosUsbArtifacts' is not required, skipping update.
[        ] Artifact Instance of 'IosUsbArtifacts' is not required, skipping update.
[        ] Artifact Instance of 'FontSubsetArtifacts' is not required, skipping update.
[        ] Artifact Instance of 'PubDependencies' is not required, skipping update.
[   +1 ms] executing: [/Users/juhanisnellman/dev/flutter/] git -c log.showSignature=false log HEAD -n 1 --pretty=format:%ad --date=iso
[  +21 ms] Exit code 0 from: git -c log.showSignature=false log HEAD -n 1 --pretty=format:%ad --date=iso
[        ] 2026-02-12 17:12:32 -0800
[  +22 ms] Found 1 files which will be executed as Widget Tests.
[   +6 ms] Artifact Instance of 'AndroidGenSnapshotArtifacts' is not required, skipping update.
[        ] Artifact Instance of 'AndroidInternalBuildArtifacts' is not required, skipping update.
[        ] Artifact Instance of 'IOSEngineArtifacts' is not required, skipping update.
[        ] Artifact Instance of 'FlutterWebSdk' is not required, skipping update.
[        ] Artifact Instance of 'FlutterEngineStamp' is not required, skipping update.
[        ] Artifact Instance of 'LegacyCanvasKitRemover' is not required, skipping update.
[   +3 ms] Artifact Instance of 'WindowsEngineArtifacts' is not required, skipping update.
[        ] Artifact Instance of 'MacOSEngineArtifacts' is not required, skipping update.
[        ] Artifact Instance of 'LinuxEngineArtifacts' is not required, skipping update.
[        ] Artifact Instance of 'LinuxFuchsiaSDKArtifacts' is not required, skipping update.
[        ] Artifact Instance of 'MacOSFuchsiaSDKArtifacts' is not required, skipping update.
[        ] Artifact Instance of 'FlutterRunnerSDKArtifacts' is not required, skipping update.
[        ] Artifact Instance of 'FlutterRunnerDebugSymbols' is not required, skipping update.
[  +61 ms] Artifact Instance of 'MaterialFonts' is not required, skipping update.
[        ] Artifact Instance of 'GradleWrapper' is not required, skipping update.
[        ] Artifact Instance of 'AndroidGenSnapshotArtifacts' is not required, skipping update.
[        ] Artifact Instance of 'AndroidInternalBuildArtifacts' is not required, skipping update.
[        ] Artifact Instance of 'IOSEngineArtifacts' is not required, skipping update.
[        ] Artifact Instance of 'FlutterWebSdk' is not required, skipping update.
[        ] Artifact Instance of 'FlutterEngineStamp' is not required, skipping update.
[        ] Artifact Instance of 'LegacyCanvasKitRemover' is not required, skipping update.
[        ] Artifact Instance of 'FlutterSdk' is not required, skipping update.
[        ] Artifact Instance of 'WindowsEngineArtifacts' is not required, skipping update.
[        ] Artifact Instance of 'MacOSEngineArtifacts' is not required, skipping update.
[        ] Artifact Instance of 'LinuxEngineArtifacts' is not required, skipping update.
[        ] Artifact Instance of 'LinuxFuchsiaSDKArtifacts' is not required, skipping update.
[        ] Artifact Instance of 'MacOSFuchsiaSDKArtifacts' is not required, skipping update.
[        ] Artifact Instance of 'FlutterRunnerSDKArtifacts' is not required, skipping update.
[        ] Artifact Instance of 'FlutterRunnerDebugSymbols' is not required, skipping update.
[        ] Artifact Instance of 'IosUsbArtifacts' is not required, skipping update.
[        ] Artifact Instance of 'IosUsbArtifacts' is not required, skipping update.
[        ] Artifact Instance of 'IosUsbArtifacts' is not required, skipping update.
[        ] Artifact Instance of 'IosUsbArtifacts' is not required, skipping update.
[        ] Artifact Instance of 'IosUsbArtifacts' is not required, skipping update.
[        ] Artifact Instance of 'IosUsbArtifacts' is not required, skipping update.
[        ] Artifact Instance of 'FontSubsetArtifacts' is not required, skipping update.
[        ] Artifact Instance of 'PubDependencies' is not required, skipping update.
[  +29 ms] Skipping pub get: version match.
[ +198 ms] Found plugin url_launcher at /Users/juhanisnellman/.pub-cache/hosted/pub.dev/url_launcher-6.3.2/
[   +7 ms] Found plugin url_launcher_windows at /Users/juhanisnellman/.pub-cache/hosted/pub.dev/url_launcher_windows-3.1.5/
[   +4 ms] Found plugin url_launcher_web at /Users/juhanisnellman/.pub-cache/hosted/pub.dev/url_launcher_web-2.4.2/
[   +2 ms] Found plugin url_launcher_macos at /Users/juhanisnellman/.pub-cache/hosted/pub.dev/url_launcher_macos-3.2.5/
[   +2 ms] Found plugin url_launcher_linux at /Users/juhanisnellman/.pub-cache/hosted/pub.dev/url_launcher_linux-3.2.2/
[   +6 ms] Found plugin url_launcher_ios at /Users/juhanisnellman/.pub-cache/hosted/pub.dev/url_launcher_ios-6.4.1/
[   +2 ms] Found plugin url_launcher_android at /Users/juhanisnellman/.pub-cache/hosted/pub.dev/url_launcher_android-6.3.28/
[   +4 ms] Found plugin path_provider at /Users/juhanisnellman/.pub-cache/hosted/pub.dev/path_provider-2.1.5/
[   +1 ms] Found plugin path_provider_windows at /Users/juhanisnellman/.pub-cache/hosted/pub.dev/path_provider_windows-2.3.0/
[   +2 ms] Found plugin path_provider_linux at /Users/juhanisnellman/.pub-cache/hosted/pub.dev/path_provider_linux-2.2.1/
[   +2 ms] Found plugin path_provider_foundation at /Users/juhanisnellman/.pub-cache/hosted/pub.dev/path_provider_foundation-2.6.0/
[   +9 ms] Found plugin path_provider_android at /Users/juhanisnellman/.pub-cache/hosted/pub.dev/path_provider_android-2.2.22/
[  +10 ms] Found plugin firebase_crashlytics at /Users/juhanisnellman/.pub-cache/hosted/pub.dev/firebase_crashlytics-5.0.7/
[   +2 ms] Found plugin firebase_core at /Users/juhanisnellman/.pub-cache/hosted/pub.dev/firebase_core-4.4.0/
[   +1 ms] Found plugin firebase_core_web at /Users/juhanisnellman/.pub-cache/hosted/pub.dev/firebase_core_web-3.4.0/
[   +3 ms] Found plugin firebase_analytics at /Users/juhanisnellman/.pub-cache/hosted/pub.dev/firebase_analytics-12.1.2/
[   +1 ms] Found plugin firebase_analytics_web at /Users/juhanisnellman/.pub-cache/hosted/pub.dev/firebase_analytics_web-0.6.1+2/
[   +3 ms] Found plugin cloud_functions at /Users/juhanisnellman/.pub-cache/hosted/pub.dev/cloud_functions-6.0.6/
[   +1 ms] Found plugin cloud_functions_web at /Users/juhanisnellman/.pub-cache/hosted/pub.dev/cloud_functions_web-5.1.2/
[ +122 ms] Found plugin url_launcher at /Users/juhanisnellman/.pub-cache/hosted/pub.dev/url_launcher-6.3.2/
[   +1 ms] Found plugin url_launcher_windows at /Users/juhanisnellman/.pub-cache/hosted/pub.dev/url_launcher_windows-3.1.5/
[   +3 ms] Found plugin url_launcher_web at /Users/juhanisnellman/.pub-cache/hosted/pub.dev/url_launcher_web-2.4.2/
[   +1 ms] Found plugin url_launcher_macos at /Users/juhanisnellman/.pub-cache/hosted/pub.dev/url_launcher_macos-3.2.5/
[        ] Found plugin url_launcher_linux at /Users/juhanisnellman/.pub-cache/hosted/pub.dev/url_launcher_linux-3.2.2/
[   +1 ms] Found plugin url_launcher_ios at /Users/juhanisnellman/.pub-cache/hosted/pub.dev/url_launcher_ios-6.4.1/
[   +1 ms] Found plugin url_launcher_android at /Users/juhanisnellman/.pub-cache/hosted/pub.dev/url_launcher_android-6.3.28/
[   +3 ms] Found plugin path_provider at /Users/juhanisnellman/.pub-cache/hosted/pub.dev/path_provider-2.1.5/
[   +1 ms] Found plugin path_provider_windows at /Users/juhanisnellman/.pub-cache/hosted/pub.dev/path_provider_windows-2.3.0/
[   +2 ms] Found plugin path_provider_linux at /Users/juhanisnellman/.pub-cache/hosted/pub.dev/path_provider_linux-2.2.1/
[   +1 ms] Found plugin path_provider_foundation at /Users/juhanisnellman/.pub-cache/hosted/pub.dev/path_provider_foundation-2.6.0/
[   +3 ms] Found plugin path_provider_android at /Users/juhanisnellman/.pub-cache/hosted/pub.dev/path_provider_android-2.2.22/
[   +5 ms] Found plugin firebase_crashlytics at /Users/juhanisnellman/.pub-cache/hosted/pub.dev/firebase_crashlytics-5.0.7/
[   +1 ms] Found plugin firebase_core at /Users/juhanisnellman/.pub-cache/hosted/pub.dev/firebase_core-4.4.0/
[   +1 ms] Found plugin firebase_core_web at /Users/juhanisnellman/.pub-cache/hosted/pub.dev/firebase_core_web-3.4.0/
[   +2 ms] Found plugin firebase_analytics at /Users/juhanisnellman/.pub-cache/hosted/pub.dev/firebase_analytics-12.1.2/
[   +1 ms] Found plugin firebase_analytics_web at /Users/juhanisnellman/.pub-cache/hosted/pub.dev/firebase_analytics_web-0.6.1+2/
[   +2 ms] Found plugin cloud_functions at /Users/juhanisnellman/.pub-cache/hosted/pub.dev/cloud_functions-6.0.6/
[   +1 ms] Found plugin cloud_functions_web at /Users/juhanisnellman/.pub-cache/hosted/pub.dev/cloud_functions_web-5.1.2/
[  +20 ms] Skipping generating web_plugin_registrant.dart because it is up-to-date.
[  +64 ms] Found plugin url_launcher at /Users/juhanisnellman/.pub-cache/hosted/pub.dev/url_launcher-6.3.2/
[   +2 ms] Found plugin url_launcher_windows at /Users/juhanisnellman/.pub-cache/hosted/pub.dev/url_launcher_windows-3.1.5/
[   +3 ms] Found plugin url_launcher_web at /Users/juhanisnellman/.pub-cache/hosted/pub.dev/url_launcher_web-2.4.2/
[   +1 ms] Found plugin url_launcher_macos at /Users/juhanisnellman/.pub-cache/hosted/pub.dev/url_launcher_macos-3.2.5/
[   +1 ms] Found plugin url_launcher_linux at /Users/juhanisnellman/.pub-cache/hosted/pub.dev/url_launcher_linux-3.2.2/
[   +1 ms] Found plugin url_launcher_ios at /Users/juhanisnellman/.pub-cache/hosted/pub.dev/url_launcher_ios-6.4.1/
[   +1 ms] Found plugin url_launcher_android at /Users/juhanisnellman/.pub-cache/hosted/pub.dev/url_launcher_android-6.3.28/
[   +2 ms] Found plugin path_provider at /Users/juhanisnellman/.pub-cache/hosted/pub.dev/path_provider-2.1.5/
[        ] Found plugin path_provider_windows at /Users/juhanisnellman/.pub-cache/hosted/pub.dev/path_provider_windows-2.3.0/
[   +2 ms] Found plugin path_provider_linux at /Users/juhanisnellman/.pub-cache/hosted/pub.dev/path_provider_linux-2.2.1/
[   +2 ms] Found plugin path_provider_foundation at /Users/juhanisnellman/.pub-cache/hosted/pub.dev/path_provider_foundation-2.6.0/
[   +5 ms] Found plugin path_provider_android at /Users/juhanisnellman/.pub-cache/hosted/pub.dev/path_provider_android-2.2.22/
[   +5 ms] Found plugin firebase_crashlytics at /Users/juhanisnellman/.pub-cache/hosted/pub.dev/firebase_crashlytics-5.0.7/
[   +2 ms] Found plugin firebase_core at /Users/juhanisnellman/.pub-cache/hosted/pub.dev/firebase_core-4.4.0/
[   +1 ms] Found plugin firebase_core_web at /Users/juhanisnellman/.pub-cache/hosted/pub.dev/firebase_core_web-3.4.0/
[   +2 ms] Found plugin firebase_analytics at /Users/juhanisnellman/.pub-cache/hosted/pub.dev/firebase_analytics-12.1.2/
[   +1 ms] Found plugin firebase_analytics_web at /Users/juhanisnellman/.pub-cache/hosted/pub.dev/firebase_analytics_web-0.6.1+2/
[   +2 ms] Found plugin cloud_functions at /Users/juhanisnellman/.pub-cache/hosted/pub.dev/cloud_functions-6.0.6/
[   +1 ms] Found plugin cloud_functions_web at /Users/juhanisnellman/.pub-cache/hosted/pub.dev/cloud_functions_web-5.1.2/
[   +7 ms] Generating /Users/juhanisnellman/dev/kuvari/android/app/src/main/java/io/flutter/plugins/GeneratedPluginRegistrant.java
[   +1 ms] Skipping generating GeneratedPluginRegistrant.java because it is up-to-date.
[   +8 ms] Skipping generating generated_plugin_registrant.h because it is up-to-date.
[   +1 ms] Skipping generating generated_plugin_registrant.cc because it is up-to-date.
[   +1 ms] Skipping generating generated_plugins.cmake because it is up-to-date.
[   +3 ms] Skipping generating generated_plugin_registrant.h because it is up-to-date.
[   +1 ms] Skipping generating generated_plugin_registrant.cc because it is up-to-date.
[   +1 ms] Skipping generating generated_plugins.cmake because it is up-to-date.
[   +4 ms] Skipping generating GeneratedPluginRegistrant.h because it is up-to-date.
[   +2 ms] Skipping generating GeneratedPluginRegistrant.m because it is up-to-date.
[   +2 ms] Skipping generating GeneratedPluginRegistrant.swift because it is up-to-date.
[  +15 ms] executing: sysctl hw.optional.arm64
[   +7 ms] Exit code 1 from: sysctl hw.optional.arm64
[        ] sysctl: unknown oid 'hw.optional.arm64'
[        ] executing: xcrun xcodebuild -version
[ +216 ms] Exit code 0 from: xcrun xcodebuild -version
[        ] Xcode 26.2
           Build version 17C52
[ +328 ms] Building native assets for macos_x64.
[ +113 ms] input.json contents:
           {
             "assets": {},
             "config": {
               "build_asset_types": [
                 "code_assets/code"
               ],
               "extensions": {
                 "code_assets": {
                   "c_compiler": {
                     "ar": "/Applications/Xcode.app/Contents/Developer/Toolchains/XcodeDefault.xctoolchain/usr/bin/ar",
                     "cc": "/Applications/Xcode.app/Contents/Developer/Toolchains/XcodeDefault.xctoolchain/usr/bin/clang",
                     "ld": "/Applications/Xcode.app/Contents/Developer/Toolchains/XcodeDefault.xctoolchain/usr/bin/ld"
                   },
                   "link_mode_preference": "dynamic",
                   "macos": {
                     "target_version": 13
                   },
                   "target_architecture": "x64",
                   "target_os": "macos"
                 }
               },
               "linking_enabled": false
             },
             "out_dir_shared": "/Users/juhanisnellman/dev/kuvari/.dart_tool/hooks_runner/shared/objective_c/build/",
             "out_file": "/Users/juhanisnellman/dev/kuvari/.dart_tool/hooks_runner/objective_c/5f31b8d621/output.json",
             "package_name": "objective_c",
             "package_root": "/Users/juhanisnellman/.pub-cache/hosted/pub.dev/objective_c-9.3.0/",
             "user_defines": {}
           }
[   +8 ms] output.json contents:
           {
             "assets": [
               {
                 "encoding": {
                   "file": "/Users/juhanisnellman/dev/kuvari/.dart_tool/hooks_runner/shared/objective_c/build/5f31b8d621/objective_c.dylib",
                   "id": "package:objective_c/objective_c.dylib",
                   "link_mode": {
                     "type": "dynamic_loading_bundle"
                   }
                 },
                 "type": "code_assets/code"
               }
             ],
             "assets_for_linking": {},
             "dependencies": [
               "/Users/juhanisnellman/.pub-cache/hosted/pub.dev/objective_c-9.3.0/src/include/dart_api_dl.c",
               "/Users/juhanisnellman/.pub-cache/hosted/pub.dev/objective_c-9.3.0/src/objective_c.c",
               "/Users/juhanisnellman/.pub-cache/hosted/pub.dev/objective_c-9.3.0/test/util.c",
               "/Users/juhanisnellman/.pub-cache/hosted/pub.dev/objective_c-9.3.0/src/input_stream_adapter.m",
               "/Users/juhanisnellman/.pub-cache/hosted/pub.dev/objective_c-9.3.0/src/objective_c.m",
               "/Users/juhanisnellman/.pub-cache/hosted/pub.dev/objective_c-9.3.0/src/observer.m",
               "/Users/juhanisnellman/.pub-cache/hosted/pub.dev/objective_c-9.3.0/src/ns_number.m",
               "/Users/juhanisnellman/.pub-cache/hosted/pub.dev/objective_c-9.3.0/src/protocol.m",
               "/Users/juhanisnellman/.pub-cache/hosted/pub.dev/objective_c-9.3.0/src/objective_c_bindings_generated.m",
               "/Users/juhanisnellman/.pub-cache/hosted/pub.dev/objective_c-9.3.0/src/protocol.h",
               "/Users/juhanisnellman/.pub-cache/hosted/pub.dev/objective_c-9.3.0/src/ns_number.h",
               "/Users/juhanisnellman/.pub-cache/hosted/pub.dev/objective_c-9.3.0/src/observer.h",
               "/Users/juhanisnellman/.pub-cache/hosted/pub.dev/objective_c-9.3.0/src/objective_c_runtime.h",
               "/Users/juhanisnellman/.pub-cache/hosted/pub.dev/objective_c-9.3.0/src/include/dart_api.h",
               "/Users/juhanisnellman/.pub-cache/hosted/pub.dev/objective_c-9.3.0/src/include/dart_version.h",
               "/Users/juhanisnellman/.pub-cache/hosted/pub.dev/objective_c-9.3.0/src/include/analyze_snapshot_api.h",
               "/Users/juhanisnellman/.pub-cache/hosted/pub.dev/objective_c-9.3.0/src/include/bin/dart_io_api.h",
               "/Users/juhanisnellman/.pub-cache/hosted/pub.dev/objective_c-9.3.0/src/include/bin/native_assets_api.h",
               "/Users/juhanisnellman/.pub-cache/hosted/pub.dev/objective_c-9.3.0/src/include/dart_embedder_api.h",
               "/Users/juhanisnellman/.pub-cache/hosted/pub.dev/objective_c-9.3.0/src/include/dart_native_api.h",
               "/Users/juhanisnellman/.pub-cache/hosted/pub.dev/objective_c-9.3.0/src/include/internal/dart_api_dl_impl.h",
               "/Users/juhanisnellman/.pub-cache/hosted/pub.dev/objective_c-9.3.0/src/include/dart_tools_api.h",
               "/Users/juhanisnellman/.pub-cache/hosted/pub.dev/objective_c-9.3.0/src/include/dart_api_dl.h",
               "/Users/juhanisnellman/.pub-cache/hosted/pub.dev/objective_c-9.3.0/src/foundation.h",
               "/Users/juhanisnellman/.pub-cache/hosted/pub.dev/objective_c-9.3.0/src/input_stream_adapter.h",
               "/Users/juhanisnellman/.pub-cache/hosted/pub.dev/objective_c-9.3.0/src/objective_c.h",
               "/Users/juhanisnellman/.pub-cache/hosted/pub.dev/objective_c-9.3.0/src/os_version.h",
               "/Users/juhanisnellman/.pub-cache/hosted/pub.dev/objective_c-9.3.0/src/ffi.h"
             ],
             "status": "success",
             "timestamp": "2026-02-15 13:38:32.000"
           }
[  +39 ms] Skipping build for objective_c in /Users/juhanisnellman/dev/kuvari/.dart_tool/hooks_runner/objective_c/5f31b8d621/. Last build on 2026-02-15 13:38:32.000.
[  +19 ms] Note: You are using the dart build hooks feature which is currently in preview. Please see https://dart.dev/interop/c-interop#native-assets for more details.
[        ] Building native assets for macos_x64 done.
[   +3 ms] Copying native assets to /Users/juhanisnellman/dev/kuvari/build/native_assets/macos/.
[ +124 ms] codesign --force --sign - --timestamp=none /Users/juhanisnellman/dev/kuvari/build/native_assets/macos/objective_c.dylib
[  +36 ms] Copying native assets done.
[   +1 ms] Writing native assets json to file:///Users/juhanisnellman/dev/kuvari/build/native_assets/macos/native_assets.json.
[   +4 ms] Writing /Users/juhanisnellman/dev/kuvari/build/native_assets/macos/native_assets.json done.
[ +309 ms] running test package with arguments: [--no-color, --chain-stack-traces, --, file:///Users/juhanisnellman/dev/kuvari/test/widgets/tag_management_dialog_test.dart?]
00:00 +0: loading /Users/juhanisnellman/dev/kuvari/test/widgets/tag_management_dialog_test.dart
[ +276 ms] test 0: starting test /Users/juhanisnellman/dev/kuvari/test/widgets/tag_management_dialog_test.dart
[   +5 ms] Stopping scan for flutter_test_config.dart; found project root at /Users/juhanisnellman/dev/kuvari
[   +3 ms] Compiler will use the following file as its incremental dill file: /var/folders/79/b6xrw31128709xl1mwfdcy_40000gn/T/flutter_tools.rxCzVO/flutter_test_compiler.8L2OhH/output.dill
[        ] Listening to compiler controller...
[  +13 ms] Compiling file:///var/folders/79/b6xrw31128709xl1mwfdcy_40000gn/T/flutter_tools.rxCzVO/flutter_test_listener.ja6wXZ/listener.dart
[  +76 ms] Found plugin url_launcher at /Users/juhanisnellman/.pub-cache/hosted/pub.dev/url_launcher-6.3.2/
[        ] Found plugin url_launcher_windows at /Users/juhanisnellman/.pub-cache/hosted/pub.dev/url_launcher_windows-3.1.5/
[   +2 ms] Found plugin url_launcher_web at /Users/juhanisnellman/.pub-cache/hosted/pub.dev/url_launcher_web-2.4.2/
[   +1 ms] Found plugin url_launcher_macos at /Users/juhanisnellman/.pub-cache/hosted/pub.dev/url_launcher_macos-3.2.5/
[   +1 ms] Found plugin url_launcher_linux at /Users/juhanisnellman/.pub-cache/hosted/pub.dev/url_launcher_linux-3.2.2/
[        ] Found plugin url_launcher_ios at /Users/juhanisnellman/.pub-cache/hosted/pub.dev/url_launcher_ios-6.4.1/
[   +1 ms] Found plugin url_launcher_android at /Users/juhanisnellman/.pub-cache/hosted/pub.dev/url_launcher_android-6.3.28/
[   +2 ms] Found plugin path_provider at /Users/juhanisnellman/.pub-cache/hosted/pub.dev/path_provider-2.1.5/
[        ] Found plugin path_provider_windows at /Users/juhanisnellman/.pub-cache/hosted/pub.dev/path_provider_windows-2.3.0/
[   +1 ms] Found plugin path_provider_linux at /Users/juhanisnellman/.pub-cache/hosted/pub.dev/path_provider_linux-2.2.1/
[   +1 ms] Found plugin path_provider_foundation at /Users/juhanisnellman/.pub-cache/hosted/pub.dev/path_provider_foundation-2.6.0/
[   +3 ms] Found plugin path_provider_android at /Users/juhanisnellman/.pub-cache/hosted/pub.dev/path_provider_android-2.2.22/
[   +4 ms] Found plugin firebase_crashlytics at /Users/juhanisnellman/.pub-cache/hosted/pub.dev/firebase_crashlytics-5.0.7/
[   +1 ms] Found plugin firebase_core at /Users/juhanisnellman/.pub-cache/hosted/pub.dev/firebase_core-4.4.0/
[        ] Found plugin firebase_core_web at /Users/juhanisnellman/.pub-cache/hosted/pub.dev/firebase_core_web-3.4.0/
[   +2 ms] Found plugin firebase_analytics at /Users/juhanisnellman/.pub-cache/hosted/pub.dev/firebase_analytics-12.1.2/
[        ] Found plugin firebase_analytics_web at /Users/juhanisnellman/.pub-cache/hosted/pub.dev/firebase_analytics_web-0.6.1+2/
[   +1 ms] Found plugin cloud_functions at /Users/juhanisnellman/.pub-cache/hosted/pub.dev/cloud_functions-6.0.6/
[        ] Found plugin cloud_functions_web at /Users/juhanisnellman/.pub-cache/hosted/pub.dev/cloud_functions_web-5.1.2/
[   +7 ms] Skipping generating dart_plugin_registrant.dart because it is up-to-date.
[   +7 ms] /Users/juhanisnellman/dev/flutter/bin/cache/dart-sdk/bin/dartaotruntime /Users/juhanisnellman/dev/flutter/bin/cache/dart-sdk/bin/snapshots/frontend_server_aot.dart.snapshot --sdk-root /Users/juhanisnellman/dev/flutter/bin/cache/artifacts/engine/common/flutter_patched_sdk/ --incremental --no-print-incremental-dependencies --target=flutter --experimental-emit-debug-metadata -DFLUTTER_VERSION=3.41.1 -DFLUTTER_CHANNEL=stable -DFLUTTER_GIT_URL=https://github.com/flutter/flutter.git -DFLUTTER_FRAMEWORK_REVISION=582a0e7c55 -DFLUTTER_ENGINE_REVISION=3452d735bd -DFLUTTER_DART_VERSION=3.11.0 --output-dill /var/folders/79/b6xrw31128709xl1mwfdcy_40000gn/T/flutter_tools.rxCzVO/flutter_test_compiler.8L2OhH/output.dill --packages /Users/juhanisnellman/dev/kuvari/.dart_tool/package_config.json -Ddart.vm.profile=false -Ddart.vm.product=false --enable-asserts --track-widget-creation --initialize-from-dill /Users/juhanisnellman/dev/kuvari/build/test_cache/build/fa875cea96ff9eb23bebfb51f104f901.cache.dill.track.dill --verbosity=error
[  +15 ms] <- compile file:///var/folders/79/b6xrw31128709xl1mwfdcy_40000gn/T/flutter_tools.rxCzVO/flutter_test_listener.ja6wXZ/listener.dart
[+1456 ms] <- accept
[        ] <- reset
[        ] Compiling file:///var/folders/79/b6xrw31128709xl1mwfdcy_40000gn/T/flutter_tools.rxCzVO/flutter_test_listener.ja6wXZ/listener.dart took 1595ms
[   +1 ms] test 0: starting test device
[   +5 ms] test 0: awaiting connection to test device
[   +1 ms] test 0: VM Service uri is not available
[   +6 ms] test 0: test harness socket server is running at port:51411
[   +1 ms] Using this directory for fonts configuration: /var/folders/79/b6xrw31128709xl1mwfdcy_40000gn/T/flutter_tools.rxCzVO/flutter_test_fonts.oab6yD
[   +2 ms] test 0: Starting flutter_tester process with command=[/Users/juhanisnellman/dev/flutter/bin/cache/artifacts/engine/darwin-x64/flutter_tester, --disable-vm-service, --enable-checked-mode, --verify-entry-points, --enable-software-rendering, --skia-deterministic-rendering, --enable-dart-profiling, --non-interactive, --use-test-fonts, --disable-asset-fonts, --packages=/Users/juhanisnellman/dev/kuvari/.dart_tool/package_config.json, --flutter-assets-dir=/Users/juhanisnellman/dev/kuvari/build/unit_test_assets, /var/folders/79/b6xrw31128709xl1mwfdcy_40000gn/T/flutter_tools.rxCzVO/flutter_test_listener.ja6wXZ/listener.dart.dill], environment={FLUTTER_TEST: true, FONTCONFIG_FILE: /var/folders/79/b6xrw31128709xl1mwfdcy_40000gn/T/flutter_tools.rxCzVO/flutter_test_fonts.oab6yD/fonts.conf, SERVER_PORT: 51411, APP_NAME: kuvari_app, UNIT_TEST_ASSETS: /Users/juhanisnellman/dev/kuvari/build/unit_test_assets}
[  +10 ms] test 0: Started flutter_tester process at pid 4528
[ +694 ms] test 0: connected to test device, now awaiting test result
[        ] test 0: Waiting for test harness or tests to finish
00:00 +0: TagManagementDialog displays tags and allows toggling
══╡ EXCEPTION CAUGHT BY WIDGETS LIBRARY ╞═══════════════════════════════════════════════════════════
The following UnimplementedError was thrown building DefaultTextStyle(debugLabel: (englishLike
bodyMedium 2021).merge((blackMountainView bodyMedium).apply), inherit: false, color: Color(alpha:
1.0000, red: 0.1137, green: 0.1059, blue: 0.1255, colorSpace: ColorSpace.sRGB), family: Roboto,
size: 14.0, weight: 400, letterSpacing: 0.3, baseline: alphabetic, height: 1.4x,
leadingDistribution: even, decoration: Color(alpha: 1.0000, red: 0.1137, green: 0.1059, blue:
0.1255, colorSpace: ColorSpace.sRGB) TextDecoration.none, softWrap: wrapping at box width, overflow:
clip):
watch

The relevant error-causing widget was:
  AlertDialog
  AlertDialog:file:///Users/juhanisnellman/dev/kuvari/lib/widgets/tag_management_dialog.dart:159:12

When the exception was thrown, this was the stack:
#0      Fake.noSuchMethod (package:test_api/src/frontend/fake.dart:50:5)
#1      FakeTagBox.watch (file:///Users/juhanisnellman/dev/kuvari/test/widgets/tag_management_dialog_test.dart:10:7)
#2      _BoxListenable.addListener (package:hive_flutter/src/box_extensions.dart:48:29)
#3      _ValueListenableBuilderState.initState (package:flutter/src/widgets/value_listenable_builder.dart:116:28)
#4      StatefulElement._firstBuild (package:flutter/src/widgets/framework.dart:5950:55)
#5      ComponentElement.mount (package:flutter/src/widgets/framework.dart:5793:5)
...     Normal element mounting (4 frames)
#9      Element.inflateWidget (package:flutter/src/widgets/framework.dart:4587:20)
#10     MultiChildRenderObjectElement.inflateWidget (package:flutter/src/widgets/framework.dart:7264:36)
#11     MultiChildRenderObjectElement.mount (package:flutter/src/widgets/framework.dart:7279:32)
...     Normal element mounting (22 frames)
#33     Element.inflateWidget (package:flutter/src/widgets/framework.dart:4587:20)
#34     MultiChildRenderObjectElement.inflateWidget (package:flutter/src/widgets/framework.dart:7264:36)
#35     MultiChildRenderObjectElement.mount (package:flutter/src/widgets/framework.dart:7279:32)
...     Normal element mounting (128 frames)
#163    Element.inflateWidget (package:flutter/src/widgets/framework.dart:4587:20)
#164    MultiChildRenderObjectElement.inflateWidget (package:flutter/src/widgets/framework.dart:7264:36)
#165    MultiChildRenderObjectElement.mount (package:flutter/src/widgets/framework.dart:7279:32)
...     Normal element mounting (364 frames)
#529    Element.inflateWidget (package:flutter/src/widgets/framework.dart:4587:20)
#530    MultiChildRenderObjectElement.inflateWidget (package:flutter/src/widgets/framework.dart:7264:36)
#531    MultiChildRenderObjectElement.mount (package:flutter/src/widgets/framework.dart:7279:32)
...     Normal element mounting (467 frames)
#998    Element.inflateWidget (package:flutter/src/widgets/framework.dart:4587:20)
#999    Element.updateChild (package:flutter/src/widgets/framework.dart:4053:20)
#1000   ComponentElement.performRebuild (package:flutter/src/widgets/framework.dart:5841:16)
#1001   Element.rebuild (package:flutter/src/widgets/framework.dart:5529:7)
#1002   ProxyElement.update (package:flutter/src/widgets/framework.dart:6149:5)
#1003   _InheritedNotifierElement.update (package:flutter/src/widgets/inherited_notifier.dart:108:11)
#1004   Element.updateChild (package:flutter/src/widgets/framework.dart:4037:15)
#1005   ComponentElement.performRebuild (package:flutter/src/widgets/framework.dart:5841:16)
#1006   StatefulElement.performRebuild (package:flutter/src/widgets/framework.dart:5982:11)
#1007   Element.rebuild (package:flutter/src/widgets/framework.dart:5529:7)
#1008   StatefulElement.update (package:flutter/src/widgets/framework.dart:6007:5)
#1009   Element.updateChild (package:flutter/src/widgets/framework.dart:4037:15)
#1010   ComponentElement.performRebuild (package:flutter/src/widgets/framework.dart:5841:16)
#1011   Element.rebuild (package:flutter/src/widgets/framework.dart:5529:7)
#1012   ProxyElement.update (package:flutter/src/widgets/framework.dart:6149:5)
#1013   _InheritedNotifierElement.update (package:flutter/src/widgets/inherited_notifier.dart:108:11)
#1014   Element.updateChild (package:flutter/src/widgets/framework.dart:4037:15)
#1015   ComponentElement.performRebuild (package:flutter/src/widgets/framework.dart:5841:16)
#1016   StatefulElement.performRebuild (package:flutter/src/widgets/framework.dart:5982:11)
#1017   Element.rebuild (package:flutter/src/widgets/framework.dart:5529:7)
#1018   StatefulElement.update (package:flutter/src/widgets/framework.dart:6007:5)
#1019   Element.updateChild (package:flutter/src/widgets/framework.dart:4037:15)
#1020   ComponentElement.performRebuild (package:flutter/src/widgets/framework.dart:5841:16)
#1021   StatefulElement.performRebuild (package:flutter/src/widgets/framework.dart:5982:11)
#1022   Element.rebuild (package:flutter/src/widgets/framework.dart:5529:7)
#1023   StatefulElement.update (package:flutter/src/widgets/framework.dart:6007:5)
#1024   Element.updateChild (package:flutter/src/widgets/framework.dart:4037:15)
#1025   ComponentElement.performRebuild (package:flutter/src/widgets/framework.dart:5841:16)
#1026   Element.rebuild (package:flutter/src/widgets/framework.dart:5529:7)
#1027   ProxyElement.update (package:flutter/src/widgets/framework.dart:6149:5)
#1028   Element.updateChild (package:flutter/src/widgets/framework.dart:4037:15)
#1029   ComponentElement.performRebuild (package:flutter/src/widgets/framework.dart:5841:16)
#1030   StatefulElement.performRebuild (package:flutter/src/widgets/framework.dart:5982:11)
#1031   Element.rebuild (package:flutter/src/widgets/framework.dart:5529:7)
#1032   StatefulElement.update (package:flutter/src/widgets/framework.dart:6007:5)
#1033   Element.updateChild (package:flutter/src/widgets/framework.dart:4037:15)
#1034   ComponentElement.performRebuild (package:flutter/src/widgets/framework.dart:5841:16)
#1035   Element.rebuild (package:flutter/src/widgets/framework.dart:5529:7)
#1036   ProxyElement.update (package:flutter/src/widgets/framework.dart:6149:5)
#1037   Element.updateChild (package:flutter/src/widgets/framework.dart:4037:15)
#1038   ComponentElement.performRebuild (package:flutter/src/widgets/framework.dart:5841:16)
#1039   Element.rebuild (package:flutter/src/widgets/framework.dart:5529:7)
#1040   ProxyElement.update (package:flutter/src/widgets/framework.dart:6149:5)
#1041   Element.updateChild (package:flutter/src/widgets/framework.dart:4037:15)
#1042   _RawViewElement._updateChild (package:flutter/src/widgets/view.dart:481:16)
#1043   _RawViewElement.update (package:flutter/src/widgets/view.dart:568:5)
#1044   Element.updateChild (package:flutter/src/widgets/framework.dart:4037:15)
#1045   ComponentElement.performRebuild (package:flutter/src/widgets/framework.dart:5841:16)
#1046   Element.rebuild (package:flutter/src/widgets/framework.dart:5529:7)
#1047   StatelessElement.update (package:flutter/src/widgets/framework.dart:5895:5)
#1048   Element.updateChild (package:flutter/src/widgets/framework.dart:4037:15)
#1049   ComponentElement.performRebuild (package:flutter/src/widgets/framework.dart:5841:16)
#1050   StatefulElement.performRebuild (package:flutter/src/widgets/framework.dart:5982:11)
#1051   Element.rebuild (package:flutter/src/widgets/framework.dart:5529:7)
#1052   StatefulElement.update (package:flutter/src/widgets/framework.dart:6007:5)
#1053   Element.updateChild (package:flutter/src/widgets/framework.dart:4037:15)
#1054   RootElement._rebuild (package:flutter/src/widgets/binding.dart:1822:16)
#1055   RootElement.update (package:flutter/src/widgets/binding.dart:1800:5)
#1056   RootElement.performRebuild (package:flutter/src/widgets/binding.dart:1814:7)
#1057   Element.rebuild (package:flutter/src/widgets/framework.dart:5529:7)
#1058   BuildScope._tryRebuild (package:flutter/src/widgets/framework.dart:2750:15)
#1059   BuildScope._flushDirtyElements (package:flutter/src/widgets/framework.dart:2807:11)
#1060   BuildOwner.buildScope (package:flutter/src/widgets/framework.dart:3111:18)
#1061   AutomatedTestWidgetsFlutterBinding.drawFrame (package:flutter_test/src/binding.dart:2131:19)
#1062   RendererBinding._handlePersistentFrameCallback (package:flutter/src/rendering/binding.dart:495:5)
#1063   SchedulerBinding._invokeFrameCallback (package:flutter/src/scheduler/binding.dart:1430:15)
#1064   SchedulerBinding.handleDrawFrame (package:flutter/src/scheduler/binding.dart:1345:9)
#1065   AutomatedTestWidgetsFlutterBinding.pump.<anonymous closure> (package:flutter_test/src/binding.dart:1960:9)
#1068   TestAsyncUtils.guard (package:flutter_test/src/test_async_utils.dart:74:41)
#1069   AutomatedTestWidgetsFlutterBinding.pump (package:flutter_test/src/binding.dart:1949:27)
#1070   WidgetTester.pumpWidget.<anonymous closure> (package:flutter_test/src/widget_tester.dart:598:22)
#1073   TestAsyncUtils.guard (package:flutter_test/src/test_async_utils.dart:74:41)
#1074   WidgetTester.pumpWidget (package:flutter_test/src/widget_tester.dart:595:27)
#1075   main.<anonymous closure> (file:///Users/juhanisnellman/dev/kuvari/test/widgets/tag_management_dialog_test.dart:85:18)
<asynchronous suspension>
#1076   testWidgets.<anonymous closure>.<anonymous closure> (package:flutter_test/src/widget_tester.dart:192:15)
<asynchronous suspension>
#1077   TestWidgetsFlutterBinding._runTestBody (package:flutter_test/src/binding.dart:1682:5)
<asynchronous suspension>
<asynchronous suspension>
(elided 5 frames from dart:async and package:stack_trace)

════════════════════════════════════════════════════════════════════════════════════════════════════
══╡ EXCEPTION CAUGHT BY WIDGETS LIBRARY ╞═══════════════════════════════════════════════════════════
The following assertion was thrown building _FocusInheritedScope(dirty):
'package:flutter/src/widgets/framework.dart': Failed assertion: line 6417 pos 14: '() {
        // check that it really is our descendant
        Element? ancestor = dependent._parent;
        while (ancestor != this && ancestor != null) {
          ancestor = ancestor._parent;
        }
        return ancestor == this;
      }()': is not true.

Either the assertion indicates an error in the framework itself, or we should provide substantially
more information in this error message to help you determine and fix the underlying cause.
In either case, please report this assertion by filing a bug on GitHub:
  https://github.com/flutter/flutter/issues/new?template=02_bug.yml

The relevant error-causing widget was:
  MaterialApp
  MaterialApp:file:///Users/juhanisnellman/dev/kuvari/test/widgets/tag_management_dialog_test.dart:59:12

When the exception was thrown, this was the stack:
#2      InheritedElement.notifyClients (package:flutter/src/widgets/framework.dart:6417:14)
#3      _InheritedNotifierElement.notifyClients (package:flutter/src/widgets/inherited_notifier.dart:126:11)
#4      _InheritedNotifierElement.build (package:flutter/src/widgets/inherited_notifier.dart:114:7)
#5      ComponentElement.performRebuild (package:flutter/src/widgets/framework.dart:5817:15)
#6      Element.rebuild (package:flutter/src/widgets/framework.dart:5529:7)
#7      ProxyElement.update (package:flutter/src/widgets/framework.dart:6149:5)
#8      _InheritedNotifierElement.update (package:flutter/src/widgets/inherited_notifier.dart:108:11)
#9      Element.updateChild (package:flutter/src/widgets/framework.dart:4037:15)
#10     SingleChildRenderObjectElement.update (package:flutter/src/widgets/framework.dart:7122:14)
#11     Element.updateChild (package:flutter/src/widgets/framework.dart:4037:15)
#12     ComponentElement.performRebuild (package:flutter/src/widgets/framework.dart:5841:16)
#13     StatefulElement.performRebuild (package:flutter/src/widgets/framework.dart:5982:11)
#14     Element.rebuild (package:flutter/src/widgets/framework.dart:5529:7)
#15     BuildScope._tryRebuild (package:flutter/src/widgets/framework.dart:2750:15)
#16     BuildScope._flushDirtyElements (package:flutter/src/widgets/framework.dart:2807:11)
#17     BuildOwner.buildScope (package:flutter/src/widgets/framework.dart:3111:18)
#18     AutomatedTestWidgetsFlutterBinding.drawFrame (package:flutter_test/src/binding.dart:2131:19)
#19     RendererBinding._handlePersistentFrameCallback (package:flutter/src/rendering/binding.dart:495:5)
#20     SchedulerBinding._invokeFrameCallback (package:flutter/src/scheduler/binding.dart:1430:15)
#21     SchedulerBinding.handleDrawFrame (package:flutter/src/scheduler/binding.dart:1345:9)
#22     AutomatedTestWidgetsFlutterBinding.pump.<anonymous closure> (package:flutter_test/src/binding.dart:1960:9)
#25     TestAsyncUtils.guard (package:flutter_test/src/test_async_utils.dart:74:41)
#26     AutomatedTestWidgetsFlutterBinding.pump (package:flutter_test/src/binding.dart:1949:27)
#27     WidgetTester.pump.<anonymous closure> (package:flutter_test/src/widget_tester.dart:652:53)
#30     TestAsyncUtils.guard (package:flutter_test/src/test_async_utils.dart:74:41)
#31     WidgetTester.pump (package:flutter_test/src/widget_tester.dart:652:27)
#32     main.<anonymous closure> (file:///Users/juhanisnellman/dev/kuvari/test/widgets/tag_management_dialog_test.dart:86:18)
<asynchronous suspension>
#33     testWidgets.<anonymous closure>.<anonymous closure> (package:flutter_test/src/widget_tester.dart:192:15)
<asynchronous suspension>
#34     TestWidgetsFlutterBinding._runTestBody (package:flutter_test/src/binding.dart:1682:5)
<asynchronous suspension>
<asynchronous suspension>
(elided 7 frames from class _AssertionError, dart:async, and package:stack_trace)

════════════════════════════════════════════════════════════════════════════════════════════════════
══╡ EXCEPTION CAUGHT BY WIDGETS LIBRARY ╞═══════════════════════════════════════════════════════════
The following assertion was thrown building _FocusInheritedScope:
'package:flutter/src/widgets/framework.dart': Failed assertion: line 6268 pos 12:
'_dependents.isEmpty': is not true.

Either the assertion indicates an error in the framework itself, or we should provide substantially
more information in this error message to help you determine and fix the underlying cause.
In either case, please report this assertion by filing a bug on GitHub:
  https://github.com/flutter/flutter/issues/new?template=02_bug.yml

The relevant error-causing widget was:
  MaterialApp
  MaterialApp:file:///Users/juhanisnellman/dev/kuvari/test/widgets/tag_management_dialog_test.dart:59:12

When the exception was thrown, this was the stack:
#2      InheritedElement.debugDeactivated (package:flutter/src/widgets/framework.dart:6268:12)
#3      _InactiveElements._deactivateRecursively.<anonymous closure> (package:flutter/src/widgets/framework.dart:2143:15)
#4      _InactiveElements._deactivateRecursively (package:flutter/src/widgets/framework.dart:2145:6)
#5      SingleChildRenderObjectElement.visitChildren (package:flutter/src/widgets/framework.dart:7101:14)
#6      _InactiveElements._deactivateRecursively (package:flutter/src/widgets/framework.dart:2141:13)
#7      ComponentElement.visitChildren (package:flutter/src/widgets/framework.dart:5871:14)
#8      _InactiveElements._deactivateRecursively (package:flutter/src/widgets/framework.dart:2141:13)
#9      MultiChildRenderObjectElement.visitChildren (package:flutter/src/widgets/framework.dart:7223:16)
#10     _InactiveElements._deactivateRecursively (package:flutter/src/widgets/framework.dart:2141:13)
#11     SingleChildRenderObjectElement.visitChildren (package:flutter/src/widgets/framework.dart:7101:14)
#12     _InactiveElements._deactivateRecursively (package:flutter/src/widgets/framework.dart:2141:13)
#13     SingleChildRenderObjectElement.visitChildren (package:flutter/src/widgets/framework.dart:7101:14)
#14     _InactiveElements._deactivateRecursively (package:flutter/src/widgets/framework.dart:2141:13)
#15     ComponentElement.visitChildren (package:flutter/src/widgets/framework.dart:5871:14)
#16     _InactiveElements._deactivateRecursively (package:flutter/src/widgets/framework.dart:2141:13)
#17     ComponentElement.visitChildren (package:flutter/src/widgets/framework.dart:5871:14)
#18     _InactiveElements._deactivateRecursively (package:flutter/src/widgets/framework.dart:2141:13)
#19     SingleChildRenderObjectElement.visitChildren (package:flutter/src/widgets/framework.dart:7101:14)
#20     _InactiveElements._deactivateRecursively (package:flutter/src/widgets/framework.dart:2141:13)
#21     ComponentElement.visitChildren (package:flutter/src/widgets/framework.dart:5871:14)
#22     _InactiveElements._deactivateRecursively (package:flutter/src/widgets/framework.dart:2141:13)
#23     SingleChildRenderObjectElement.visitChildren (package:flutter/src/widgets/framework.dart:7101:14)
#24     _InactiveElements._deactivateRecursively (package:flutter/src/widgets/framework.dart:2141:13)
#25     ComponentElement.visitChildren (package:flutter/src/widgets/framework.dart:5871:14)
#26     _InactiveElements._deactivateRecursively (package:flutter/src/widgets/framework.dart:2141:13)
#27     SingleChildRenderObjectElement.visitChildren (package:flutter/src/widgets/framework.dart:7101:14)
#28     _InactiveElements._deactivateRecursively (package:flutter/src/widgets/framework.dart:2141:13)
#29     ComponentElement.visitChildren (package:flutter/src/widgets/framework.dart:5871:14)
#30     _InactiveElements._deactivateRecursively (package:flutter/src/widgets/framework.dart:2141:13)
#31     ComponentElement.visitChildren (package:flutter/src/widgets/framework.dart:5871:14)
#32     _InactiveElements._deactivateRecursively (package:flutter/src/widgets/framework.dart:2141:13)
#33     SingleChildRenderObjectElement.visitChildren (package:flutter/src/widgets/framework.dart:7101:14)
#34     _InactiveElements._deactivateRecursively (package:flutter/src/widgets/framework.dart:2141:13)
#35     SingleChildRenderObjectElement.visitChildren (package:flutter/src/widgets/framework.dart:7101:14)
#36     _InactiveElements._deactivateRecursively (package:flutter/src/widgets/framework.dart:2141:13)
#37     ComponentElement.visitChildren (package:flutter/src/widgets/framework.dart:5871:14)
#38     _InactiveElements._deactivateRecursively (package:flutter/src/widgets/framework.dart:2141:13)
#39     SingleChildRenderObjectElement.visitChildren (package:flutter/src/widgets/framework.dart:7101:14)
#40     _InactiveElements._deactivateRecursively (package:flutter/src/widgets/framework.dart:2141:13)
#41     ComponentElement.visitChildren (package:flutter/src/widgets/framework.dart:5871:14)
#42     _InactiveElements._deactivateRecursively (package:flutter/src/widgets/framework.dart:2141:13)
#43     SingleChildRenderObjectElement.visitChildren (package:flutter/src/widgets/framework.dart:7101:14)
#44     _InactiveElements._deactivateRecursively (package:flutter/src/widgets/framework.dart:2141:13)
#45     ComponentElement.visitChildren (package:flutter/src/widgets/framework.dart:5871:14)
#46     _InactiveElements._deactivateRecursively (package:flutter/src/widgets/framework.dart:2141:13)
#47     ComponentElement.visitChildren (package:flutter/src/widgets/framework.dart:5871:14)
#48     _InactiveElements._deactivateRecursively (package:flutter/src/widgets/framework.dart:2141:13)
#49     ComponentElement.visitChildren (package:flutter/src/widgets/framework.dart:5871:14)
#50     _InactiveElements._deactivateRecursively (package:flutter/src/widgets/framework.dart:2141:13)
#51     ComponentElement.visitChildren (package:flutter/src/widgets/framework.dart:5871:14)
#52     _InactiveElements._deactivateRecursively (package:flutter/src/widgets/framework.dart:2141:13)
#53     ComponentElement.visitChildren (package:flutter/src/widgets/framework.dart:5871:14)
#54     _InactiveElements._deactivateRecursively (package:flutter/src/widgets/framework.dart:2141:13)
#55     ComponentElement.visitChildren (package:flutter/src/widgets/framework.dart:5871:14)
#56     _InactiveElements._deactivateRecursively (package:flutter/src/widgets/framework.dart:2141:13)
#57     ComponentElement.visitChildren (package:flutter/src/widgets/framework.dart:5871:14)
#58     _InactiveElements._deactivateRecursively (package:flutter/src/widgets/framework.dart:2141:13)
#59     MultiChildRenderObjectElement.visitChildren (package:flutter/src/widgets/framework.dart:7223:16)
#60     _InactiveElements._deactivateRecursively (package:flutter/src/widgets/framework.dart:2141:13)
#61     ComponentElement.visitChildren (package:flutter/src/widgets/framework.dart:5871:14)
#62     _InactiveElements._deactivateRecursively (package:flutter/src/widgets/framework.dart:2141:13)
#63     ComponentElement.visitChildren (package:flutter/src/widgets/framework.dart:5871:14)
#64     _InactiveElements._deactivateRecursively (package:flutter/src/widgets/framework.dart:2141:13)
#65     ComponentElement.visitChildren (package:flutter/src/widgets/framework.dart:5871:14)
#66     _InactiveElements._deactivateRecursively (package:flutter/src/widgets/framework.dart:2141:13)
#67     ComponentElement.visitChildren (package:flutter/src/widgets/framework.dart:5871:14)
#68     _InactiveElements._deactivateRecursively (package:flutter/src/widgets/framework.dart:2141:13)
#69     ComponentElement.visitChildren (package:flutter/src/widgets/framework.dart:5871:14)
#70     _InactiveElements._deactivateRecursively (package:flutter/src/widgets/framework.dart:2141:13)
#71     SingleChildRenderObjectElement.visitChildren (package:flutter/src/widgets/framework.dart:7101:14)
#72     _InactiveElements._deactivateRecursively (package:flutter/src/widgets/framework.dart:2141:13)
#73     ComponentElement.visitChildren (package:flutter/src/widgets/framework.dart:5871:14)
#74     _InactiveElements._deactivateRecursively (package:flutter/src/widgets/framework.dart:2141:13)
#75     SingleChildRenderObjectElement.visitChildren (package:flutter/src/widgets/framework.dart:7101:14)
#76     _InactiveElements._deactivateRecursively (package:flutter/src/widgets/framework.dart:2141:13)
#77     ComponentElement.visitChildren (package:flutter/src/widgets/framework.dart:5871:14)
#78     _InactiveElements._deactivateRecursively (package:flutter/src/widgets/framework.dart:2141:13)
#79     ComponentElement.visitChildren (package:flutter/src/widgets/framework.dart:5871:14)
#80     _InactiveElements._deactivateRecursively (package:flutter/src/widgets/framework.dart:2141:13)
#81     ComponentElement.visitChildren (package:flutter/src/widgets/framework.dart:5871:14)
#82     _InactiveElements._deactivateRecursively (package:flutter/src/widgets/framework.dart:2141:13)
#83     ComponentElement.visitChildren (package:flutter/src/widgets/framework.dart:5871:14)
#84     _InactiveElements._deactivateRecursively (package:flutter/src/widgets/framework.dart:2141:13)
#85     ComponentElement.visitChildren (package:flutter/src/widgets/framework.dart:5871:14)
#86     _InactiveElements._deactivateRecursively (package:flutter/src/widgets/framework.dart:2141:13)
#87     ComponentElement.visitChildren (package:flutter/src/widgets/framework.dart:5871:14)
#88     _InactiveElements._deactivateRecursively (package:flutter/src/widgets/framework.dart:2141:13)
#89     ComponentElement.visitChildren (package:flutter/src/widgets/framework.dart:5871:14)
#90     _InactiveElements._deactivateRecursively (package:flutter/src/widgets/framework.dart:2141:13)
#91     ComponentElement.visitChildren (package:flutter/src/widgets/framework.dart:5871:14)
#92     _InactiveElements._deactivateRecursively (package:flutter/src/widgets/framework.dart:2141:13)
#93     SingleChildRenderObjectElement.visitChildren (package:flutter/src/widgets/framework.dart:7101:14)
#94     _InactiveElements._deactivateRecursively (package:flutter/src/widgets/framework.dart:2141:13)
#95     ComponentElement.visitChildren (package:flutter/src/widgets/framework.dart:5871:14)
#96     _InactiveElements._deactivateRecursively (package:flutter/src/widgets/framework.dart:2141:13)
#97     SingleChildRenderObjectElement.visitChildren (package:flutter/src/widgets/framework.dart:7101:14)
#98     _InactiveElements._deactivateRecursively (package:flutter/src/widgets/framework.dart:2141:13)
#99     SingleChildRenderObjectElement.visitChildren (package:flutter/src/widgets/framework.dart:7101:14)
#100    _InactiveElements._deactivateRecursively (package:flutter/src/widgets/framework.dart:2141:13)
#101    ComponentElement.visitChildren (package:flutter/src/widgets/framework.dart:5871:14)
#102    _InactiveElements._deactivateRecursively (package:flutter/src/widgets/framework.dart:2141:13)
#103    SingleChildRenderObjectElement.visitChildren (package:flutter/src/widgets/framework.dart:7101:14)
#104    _InactiveElements._deactivateRecursively (package:flutter/src/widgets/framework.dart:2141:13)
#105    ComponentElement.visitChildren (package:flutter/src/widgets/framework.dart:5871:14)
#106    _InactiveElements._deactivateRecursively (package:flutter/src/widgets/framework.dart:2141:13)
#107    SingleChildRenderObjectElement.visitChildren (package:flutter/src/widgets/framework.dart:7101:14)
#108    _InactiveElements._deactivateRecursively (package:flutter/src/widgets/framework.dart:2141:13)
#109    SingleChildRenderObjectElement.visitChildren (package:flutter/src/widgets/framework.dart:7101:14)
#110    _InactiveElements._deactivateRecursively (package:flutter/src/widgets/framework.dart:2141:13)
#111    ComponentElement.visitChildren (package:flutter/src/widgets/framework.dart:5871:14)
#112    _InactiveElements._deactivateRecursively (package:flutter/src/widgets/framework.dart:2141:13)
#113    SingleChildRenderObjectElement.visitChildren (package:flutter/src/widgets/framework.dart:7101:14)
#114    _InactiveElements._deactivateRecursively (package:flutter/src/widgets/framework.dart:2141:13)
#115    ComponentElement.visitChildren (package:flutter/src/widgets/framework.dart:5871:14)
#116    _InactiveElements._deactivateRecursively (package:flutter/src/widgets/framework.dart:2141:13)
#117    SingleChildRenderObjectElement.visitChildren (package:flutter/src/widgets/framework.dart:7101:14)
#118    _InactiveElements._deactivateRecursively (package:flutter/src/widgets/framework.dart:2141:13)
#119    SingleChildRenderObjectElement.visitChildren (package:flutter/src/widgets/framework.dart:7101:14)
#120    _InactiveElements._deactivateRecursively (package:flutter/src/widgets/framework.dart:2141:13)
#121    ComponentElement.visitChildren (package:flutter/src/widgets/framework.dart:5871:14)
#122    _InactiveElements._deactivateRecursively (package:flutter/src/widgets/framework.dart:2141:13)
#123    SingleChildRenderObjectElement.visitChildren (package:flutter/src/widgets/framework.dart:7101:14)
#124    _InactiveElements._deactivateRecursively (package:flutter/src/widgets/framework.dart:2141:13)
#125    SingleChildRenderObjectElement.visitChildren (package:flutter/src/widgets/framework.dart:7101:14)
#126    _InactiveElements._deactivateRecursively (package:flutter/src/widgets/framework.dart:2141:13)
#127    SingleChildRenderObjectElement.visitChildren (package:flutter/src/widgets/framework.dart:7101:14)
#128    _InactiveElements._deactivateRecursively (package:flutter/src/widgets/framework.dart:2141:13)
#129    ComponentElement.visitChildren (package:flutter/src/widgets/framework.dart:5871:14)
#130    _InactiveElements._deactivateRecursively (package:flutter/src/widgets/framework.dart:2141:13)
#131    SingleChildRenderObjectElement.visitChildren (package:flutter/src/widgets/framework.dart:7101:14)
#132    _InactiveElements._deactivateRecursively (package:flutter/src/widgets/framework.dart:2141:13)
#133    ComponentElement.visitChildren (package:flutter/src/widgets/framework.dart:5871:14)
#134    _InactiveElements._deactivateRecursively (package:flutter/src/widgets/framework.dart:2141:13)
#135    ComponentElement.visitChildren (package:flutter/src/widgets/framework.dart:5871:14)
#136    _InactiveElements._deactivateRecursively (package:flutter/src/widgets/framework.dart:2141:13)
#137    ComponentElement.visitChildren (package:flutter/src/widgets/framework.dart:5871:14)
#138    _InactiveElements._deactivateRecursively (package:flutter/src/widgets/framework.dart:2141:13)
#139    ComponentElement.visitChildren (package:flutter/src/widgets/framework.dart:5871:14)
#140    _InactiveElements._deactivateRecursively (package:flutter/src/widgets/framework.dart:2141:13)
#141    ComponentElement.visitChildren (package:flutter/src/widgets/framework.dart:5871:14)
#142    _InactiveElements._deactivateRecursively (package:flutter/src/widgets/framework.dart:2141:13)
#143    SingleChildRenderObjectElement.visitChildren (package:flutter/src/widgets/framework.dart:7101:14)
#144    _InactiveElements._deactivateRecursively (package:flutter/src/widgets/framework.dart:2141:13)
#145    _InactiveElements.add (package:flutter/src/widgets/framework.dart:2155:9)
#146    Element.deactivateChild (package:flutter/src/widgets/framework.dart:4636:30)
#147    Element.updateChild (package:flutter/src/widgets/framework.dart:4048:9)
#148    ComponentElement.performRebuild (package:flutter/src/widgets/framework.dart:5841:16)
#149    Element.rebuild (package:flutter/src/widgets/framework.dart:5529:7)
#150    ProxyElement.update (package:flutter/src/widgets/framework.dart:6149:5)
#151    _InheritedNotifierElement.update (package:flutter/src/widgets/inherited_notifier.dart:108:11)
#152    Element.updateChild (package:flutter/src/widgets/framework.dart:4037:15)
#153    SingleChildRenderObjectElement.update (package:flutter/src/widgets/framework.dart:7122:14)
#154    Element.updateChild (package:flutter/src/widgets/framework.dart:4037:15)
#155    ComponentElement.performRebuild (package:flutter/src/widgets/framework.dart:5841:16)
#156    StatefulElement.performRebuild (package:flutter/src/widgets/framework.dart:5982:11)
#157    Element.rebuild (package:flutter/src/widgets/framework.dart:5529:7)
#158    BuildScope._tryRebuild (package:flutter/src/widgets/framework.dart:2750:15)
#159    BuildScope._flushDirtyElements (package:flutter/src/widgets/framework.dart:2807:11)
#160    BuildOwner.buildScope (package:flutter/src/widgets/framework.dart:3111:18)
#161    AutomatedTestWidgetsFlutterBinding.drawFrame (package:flutter_test/src/binding.dart:2131:19)
#162    RendererBinding._handlePersistentFrameCallback (package:flutter/src/rendering/binding.dart:495:5)
#163    SchedulerBinding._invokeFrameCallback (package:flutter/src/scheduler/binding.dart:1430:15)
#164    SchedulerBinding.handleDrawFrame (package:flutter/src/scheduler/binding.dart:1345:9)
#165    AutomatedTestWidgetsFlutterBinding.pump.<anonymous closure> (package:flutter_test/src/binding.dart:1960:9)
#168    TestAsyncUtils.guard (package:flutter_test/src/test_async_utils.dart:74:41)
#169    AutomatedTestWidgetsFlutterBinding.pump (package:flutter_test/src/binding.dart:1949:27)
#170    WidgetTester.pump.<anonymous closure> (package:flutter_test/src/widget_tester.dart:652:53)
#173    TestAsyncUtils.guard (package:flutter_test/src/test_async_utils.dart:74:41)
#174    WidgetTester.pump (package:flutter_test/src/widget_tester.dart:652:27)
#175    main.<anonymous closure> (file:///Users/juhanisnellman/dev/kuvari/test/widgets/tag_management_dialog_test.dart:86:18)
<asynchronous suspension>
#176    testWidgets.<anonymous closure>.<anonymous closure> (package:flutter_test/src/widget_tester.dart:192:15)
<asynchronous suspension>
#177    TestWidgetsFlutterBinding._runTestBody (package:flutter_test/src/binding.dart:1682:5)
<asynchronous suspension>
<asynchronous suspension>
(elided 7 frames from class _AssertionError, dart:async, and package:stack_trace)

════════════════════════════════════════════════════════════════════════════════════════════════════
══╡ EXCEPTION CAUGHT BY SCHEDULER LIBRARY ╞═════════════════════════════════════════════════════════
The following assertion was thrown during a scheduler callback:
Tried to build dirty widget in the wrong build scope.
A widget which was marked as dirty and is still active was scheduled to be built, but the current
build scope unexpectedly does not contain that widget.
Sometimes this is detected when an element is removed from the widget tree, but the element somehow
did not get marked as inactive. In that case, it might be caused by an ancestor element failing to
implement visitChildren correctly, thus preventing some or all of its descendants from being
correctly deactivated.
The root of the build scope was:
  [root]
The offending element (which does not appear to be a descendant of the root of the build scope) was:
  Focus

When the exception was thrown, this was the stack:
#0      BuildScope._debugAssertElementInScope (package:flutter/src/widgets/framework.dart:2772:5)
#1      BuildScope._flushDirtyElements (package:flutter/src/widgets/framework.dart:2806:18)
#2      BuildOwner.buildScope (package:flutter/src/widgets/framework.dart:3111:18)
#3      AutomatedTestWidgetsFlutterBinding.drawFrame (package:flutter_test/src/binding.dart:2131:19)
#4      RendererBinding._handlePersistentFrameCallback (package:flutter/src/rendering/binding.dart:495:5)
#5      SchedulerBinding._invokeFrameCallback (package:flutter/src/scheduler/binding.dart:1430:15)
#6      SchedulerBinding.handleDrawFrame (package:flutter/src/scheduler/binding.dart:1345:9)
#7      AutomatedTestWidgetsFlutterBinding.pump.<anonymous closure> (package:flutter_test/src/binding.dart:1960:9)
#10     TestAsyncUtils.guard (package:flutter_test/src/test_async_utils.dart:74:41)
#11     AutomatedTestWidgetsFlutterBinding.pump (package:flutter_test/src/binding.dart:1949:27)
#12     WidgetTester.pump.<anonymous closure> (package:flutter_test/src/widget_tester.dart:652:53)
#15     TestAsyncUtils.guard (package:flutter_test/src/test_async_utils.dart:74:41)
#16     WidgetTester.pump (package:flutter_test/src/widget_tester.dart:652:27)
#17     main.<anonymous closure> (file:///Users/juhanisnellman/dev/kuvari/test/widgets/tag_management_dialog_test.dart:86:18)
<asynchronous suspension>
#18     testWidgets.<anonymous closure>.<anonymous closure> (package:flutter_test/src/widget_tester.dart:192:15)
<asynchronous suspension>
#19     TestWidgetsFlutterBinding._runTestBody (package:flutter_test/src/binding.dart:1682:5)
<asynchronous suspension>
<asynchronous suspension>
(elided 5 frames from dart:async and package:stack_trace)
════════════════════════════════════════════════════════════════════════════════════════════════════
══╡ EXCEPTION CAUGHT BY FLUTTER TEST FRAMEWORK ╞════════════════════════════════════════════════════
The following TestFailure was thrown running a test:
Expected: exactly one matching candidate
  Actual: _TextWidgetFinder:<Found 0 widgets with text "Tag 1": []>
   Which: means none were found but one was expected

When the exception was thrown, this was the stack:
#4      main.<anonymous closure> (file:///Users/juhanisnellman/dev/kuvari/test/widgets/tag_management_dialog_test.dart:88:5)
<asynchronous suspension>
#5      testWidgets.<anonymous closure>.<anonymous closure> (package:flutter_test/src/widget_tester.dart:192:15)
<asynchronous suspension>
#6      TestWidgetsFlutterBinding._runTestBody (package:flutter_test/src/binding.dart:1682:5)
<asynchronous suspension>
<asynchronous suspension>
(elided one frame from package:stack_trace)

This was caught by the test expectation on the following line:
  file:///Users/juhanisnellman/dev/kuvari/test/widgets/tag_management_dialog_test.dart line 88
The test description was:
  TagManagementDialog displays tags and allows toggling
════════════════════════════════════════════════════════════════════════════════════════════════════
══╡ EXCEPTION CAUGHT BY FLUTTER TEST FRAMEWORK ╞════════════════════════════════════════════════════
The following message was thrown:
Multiple exceptions (5) were detected during the running of the current test, and at least one was
unexpected.
════════════════════════════════════════════════════════════════════════════════════════════════════
00:02 +0 -1: TagManagementDialog displays tags and allows toggling [E]
  Test failed. See exception logs above.
  The test description was: TagManagementDialog displays tags and allows toggling
  
00:02 +0 -1: TagManagementDialog can create new tags
══╡ EXCEPTION CAUGHT BY WIDGETS LIBRARY ╞═══════════════════════════════════════════════════════════
The following assertion was thrown building _FocusInheritedScope:
'package:flutter/src/widgets/framework.dart': Failed assertion: line 6268 pos 12:
'_dependents.isEmpty': is not true.

Either the assertion indicates an error in the framework itself, or we should provide substantially
more information in this error message to help you determine and fix the underlying cause.
In either case, please report this assertion by filing a bug on GitHub:
  https://github.com/flutter/flutter/issues/new?template=02_bug.yml

When the exception was thrown, this was the stack:
#2      InheritedElement.debugDeactivated (package:flutter/src/widgets/framework.dart:6268:12)
#3      _InactiveElements._deactivateRecursively.<anonymous closure> (package:flutter/src/widgets/framework.dart:2143:15)
#4      _InactiveElements._deactivateRecursively (package:flutter/src/widgets/framework.dart:2145:6)
#5      SingleChildRenderObjectElement.visitChildren (package:flutter/src/widgets/framework.dart:7101:14)
#6      _InactiveElements._deactivateRecursively (package:flutter/src/widgets/framework.dart:2141:13)
#7      ComponentElement.visitChildren (package:flutter/src/widgets/framework.dart:5871:14)
#8      _InactiveElements._deactivateRecursively (package:flutter/src/widgets/framework.dart:2141:13)
#9      ComponentElement.visitChildren (package:flutter/src/widgets/framework.dart:5871:14)
#10     _InactiveElements._deactivateRecursively (package:flutter/src/widgets/framework.dart:2141:13)
#11     ComponentElement.visitChildren (package:flutter/src/widgets/framework.dart:5871:14)
#12     _InactiveElements._deactivateRecursively (package:flutter/src/widgets/framework.dart:2141:13)
#13     ComponentElement.visitChildren (package:flutter/src/widgets/framework.dart:5871:14)
#14     _InactiveElements._deactivateRecursively (package:flutter/src/widgets/framework.dart:2141:13)
#15     ComponentElement.visitChildren (package:flutter/src/widgets/framework.dart:5871:14)
#16     _InactiveElements._deactivateRecursively (package:flutter/src/widgets/framework.dart:2141:13)
#17     ComponentElement.visitChildren (package:flutter/src/widgets/framework.dart:5871:14)
#18     _InactiveElements._deactivateRecursively (package:flutter/src/widgets/framework.dart:2141:13)
#19     SingleChildRenderObjectElement.visitChildren (package:flutter/src/widgets/framework.dart:7101:14)
#20     _InactiveElements._deactivateRecursively (package:flutter/src/widgets/framework.dart:2141:13)
#21     ComponentElement.visitChildren (package:flutter/src/widgets/framework.dart:5871:14)
#22     _InactiveElements._deactivateRecursively (package:flutter/src/widgets/framework.dart:2141:13)
#23     ComponentElement.visitChildren (package:flutter/src/widgets/framework.dart:5871:14)
#24     _InactiveElements._deactivateRecursively (package:flutter/src/widgets/framework.dart:2141:13)
#25     ComponentElement.visitChildren (package:flutter/src/widgets/framework.dart:5871:14)
#26     _InactiveElements._deactivateRecursively (package:flutter/src/widgets/framework.dart:2141:13)
#27     ComponentElement.visitChildren (package:flutter/src/widgets/framework.dart:5871:14)
#28     _InactiveElements._deactivateRecursively (package:flutter/src/widgets/framework.dart:2141:13)
#29     ComponentElement.visitChildren (package:flutter/src/widgets/framework.dart:5871:14)
#30     _InactiveElements._deactivateRecursively (package:flutter/src/widgets/framework.dart:2141:13)
#31     SingleChildRenderObjectElement.visitChildren (package:flutter/src/widgets/framework.dart:7101:14)
#32     _InactiveElements._deactivateRecursively (package:flutter/src/widgets/framework.dart:2141:13)
#33     ComponentElement.visitChildren (package:flutter/src/widgets/framework.dart:5871:14)
#34     _InactiveElements._deactivateRecursively (package:flutter/src/widgets/framework.dart:2141:13)
#35     ComponentElement.visitChildren (package:flutter/src/widgets/framework.dart:5871:14)
#36     _InactiveElements._deactivateRecursively (package:flutter/src/widgets/framework.dart:2141:13)
#37     ComponentElement.visitChildren (package:flutter/src/widgets/framework.dart:5871:14)
#38     _InactiveElements._deactivateRecursively (package:flutter/src/widgets/framework.dart:2141:13)
#39     ComponentElement.visitChildren (package:flutter/src/widgets/framework.dart:5871:14)
#40     _InactiveElements._deactivateRecursively (package:flutter/src/widgets/framework.dart:2141:13)
#41     ComponentElement.visitChildren (package:flutter/src/widgets/framework.dart:5871:14)
#42     _InactiveElements._deactivateRecursively (package:flutter/src/widgets/framework.dart:2141:13)
#43     MultiChildRenderObjectElement.visitChildren (package:flutter/src/widgets/framework.dart:7223:16)
#44     _InactiveElements._deactivateRecursively (package:flutter/src/widgets/framework.dart:2141:13)
#45     ComponentElement.visitChildren (package:flutter/src/widgets/framework.dart:5871:14)
#46     _InactiveElements._deactivateRecursively (package:flutter/src/widgets/framework.dart:2141:13)
#47     ComponentElement.visitChildren (package:flutter/src/widgets/framework.dart:5871:14)
#48     _InactiveElements._deactivateRecursively (package:flutter/src/widgets/framework.dart:2141:13)
#49     ComponentElement.visitChildren (package:flutter/src/widgets/framework.dart:5871:14)
#50     _InactiveElements._deactivateRecursively (package:flutter/src/widgets/framework.dart:2141:13)
#51     ComponentElement.visitChildren (package:flutter/src/widgets/framework.dart:5871:14)
#52     _InactiveElements._deactivateRecursively (package:flutter/src/widgets/framework.dart:2141:13)
#53     ComponentElement.visitChildren (package:flutter/src/widgets/framework.dart:5871:14)
#54     _InactiveElements._deactivateRecursively (package:flutter/src/widgets/framework.dart:2141:13)
#55     ComponentElement.visitChildren (package:flutter/src/widgets/framework.dart:5871:14)
#56     _InactiveElements._deactivateRecursively (package:flutter/src/widgets/framework.dart:2141:13)
#57     ComponentElement.visitChildren (package:flutter/src/widgets/framework.dart:5871:14)
#58     _InactiveElements._deactivateRecursively (package:flutter/src/widgets/framework.dart:2141:13)
#59     SingleChildRenderObjectElement.visitChildren (package:flutter/src/widgets/framework.dart:7101:14)
#60     _InactiveElements._deactivateRecursively (package:flutter/src/widgets/framework.dart:2141:13)
#61     SingleChildRenderObjectElement.visitChildren (package:flutter/src/widgets/framework.dart:7101:14)
#62     _InactiveElements._deactivateRecursively (package:flutter/src/widgets/framework.dart:2141:13)
#63     ComponentElement.visitChildren (package:flutter/src/widgets/framework.dart:5871:14)
#64     _InactiveElements._deactivateRecursively (package:flutter/src/widgets/framework.dart:2141:13)
#65     ComponentElement.visitChildren (package:flutter/src/widgets/framework.dart:5871:14)
#66     _InactiveElements._deactivateRecursively (package:flutter/src/widgets/framework.dart:2141:13)
#67     ComponentElement.visitChildren (package:flutter/src/widgets/framework.dart:5871:14)
#68     _InactiveElements._deactivateRecursively (package:flutter/src/widgets/framework.dart:2141:13)
#69     ComponentElement.visitChildren (package:flutter/src/widgets/framework.dart:5871:14)
#70     _InactiveElements._deactivateRecursively (package:flutter/src/widgets/framework.dart:2141:13)
#71     SingleChildRenderObjectElement.visitChildren (package:flutter/src/widgets/framework.dart:7101:14)
#72     _InactiveElements._deactivateRecursively (package:flutter/src/widgets/framework.dart:2141:13)
#73     ComponentElement.visitChildren (package:flutter/src/widgets/framework.dart:5871:14)
#74     _InactiveElements._deactivateRecursively (package:flutter/src/widgets/framework.dart:2141:13)
#75     ComponentElement.visitChildren (package:flutter/src/widgets/framework.dart:5871:14)
#76     _InactiveElements._deactivateRecursively (package:flutter/src/widgets/framework.dart:2141:13)
#77     ComponentElement.visitChildren (package:flutter/src/widgets/framework.dart:5871:14)
#78     _InactiveElements._deactivateRecursively (package:flutter/src/widgets/framework.dart:2141:13)
#79     ComponentElement.visitChildren (package:flutter/src/widgets/framework.dart:5871:14)
#80     _InactiveElements._deactivateRecursively (package:flutter/src/widgets/framework.dart:2141:13)
#81     ComponentElement.visitChildren (package:flutter/src/widgets/framework.dart:5871:14)
#82     _InactiveElements._deactivateRecursively (package:flutter/src/widgets/framework.dart:2141:13)
#83     ComponentElement.visitChildren (package:flutter/src/widgets/framework.dart:5871:14)
#84     _InactiveElements._deactivateRecursively (package:flutter/src/widgets/framework.dart:2141:13)
#85     ComponentElement.visitChildren (package:flutter/src/widgets/framework.dart:5871:14)
#86     _InactiveElements._deactivateRecursively (package:flutter/src/widgets/framework.dart:2141:13)
#87     ComponentElement.visitChildren (package:flutter/src/widgets/framework.dart:5871:14)
#88     _InactiveElements._deactivateRecursively (package:flutter/src/widgets/framework.dart:2141:13)
#89     ComponentElement.visitChildren (package:flutter/src/widgets/framework.dart:5871:14)
#90     _InactiveElements._deactivateRecursively (package:flutter/src/widgets/framework.dart:2141:13)
#91     ComponentElement.visitChildren (package:flutter/src/widgets/framework.dart:5871:14)
#92     _InactiveElements._deactivateRecursively (package:flutter/src/widgets/framework.dart:2141:13)
#93     ComponentElement.visitChildren (package:flutter/src/widgets/framework.dart:5871:14)
#94     _InactiveElements._deactivateRecursively (package:flutter/src/widgets/framework.dart:2141:13)
#95     ComponentElement.visitChildren (package:flutter/src/widgets/framework.dart:5871:14)
#96     _InactiveElements._deactivateRecursively (package:flutter/src/widgets/framework.dart:2141:13)
#97     ComponentElement.visitChildren (package:flutter/src/widgets/framework.dart:5871:14)
#98     _InactiveElements._deactivateRecursively (package:flutter/src/widgets/framework.dart:2141:13)
#99     ComponentElement.visitChildren (package:flutter/src/widgets/framework.dart:5871:14)
#100    _InactiveElements._deactivateRecursively (package:flutter/src/widgets/framework.dart:2141:13)
#101    ComponentElement.visitChildren (package:flutter/src/widgets/framework.dart:5871:14)
#102    _InactiveElements._deactivateRecursively (package:flutter/src/widgets/framework.dart:2141:13)
#103    SingleChildRenderObjectElement.visitChildren (package:flutter/src/widgets/framework.dart:7101:14)
#104    _InactiveElements._deactivateRecursively (package:flutter/src/widgets/framework.dart:2141:13)
#105    ComponentElement.visitChildren (package:flutter/src/widgets/framework.dart:5871:14)
#106    _InactiveElements._deactivateRecursively (package:flutter/src/widgets/framework.dart:2141:13)
#107    ComponentElement.visitChildren (package:flutter/src/widgets/framework.dart:5871:14)
#108    _InactiveElements._deactivateRecursively (package:flutter/src/widgets/framework.dart:2141:13)
#109    SingleChildRenderObjectElement.visitChildren (package:flutter/src/widgets/framework.dart:7101:14)
#110    _InactiveElements._deactivateRecursively (package:flutter/src/widgets/framework.dart:2141:13)
#111    ComponentElement.visitChildren (package:flutter/src/widgets/framework.dart:5871:14)
#112    _InactiveElements._deactivateRecursively (package:flutter/src/widgets/framework.dart:2141:13)
#113    ComponentElement.visitChildren (package:flutter/src/widgets/framework.dart:5871:14)
#114    _InactiveElements._deactivateRecursively (package:flutter/src/widgets/framework.dart:2141:13)
#115    ComponentElement.visitChildren (package:flutter/src/widgets/framework.dart:5871:14)
#116    _InactiveElements._deactivateRecursively (package:flutter/src/widgets/framework.dart:2141:13)
#117    ComponentElement.visitChildren (package:flutter/src/widgets/framework.dart:5871:14)
#118    _InactiveElements._deactivateRecursively (package:flutter/src/widgets/framework.dart:2141:13)
#119    ComponentElement.visitChildren (package:flutter/src/widgets/framework.dart:5871:14)
#120    _InactiveElements._deactivateRecursively (package:flutter/src/widgets/framework.dart:2141:13)
#121    SingleChildRenderObjectElement.visitChildren (package:flutter/src/widgets/framework.dart:7101:14)
#122    _InactiveElements._deactivateRecursively (package:flutter/src/widgets/framework.dart:2141:13)
#123    ComponentElement.visitChildren (package:flutter/src/widgets/framework.dart:5871:14)
#124    _InactiveElements._deactivateRecursively (package:flutter/src/widgets/framework.dart:2141:13)
#125    ComponentElement.visitChildren (package:flutter/src/widgets/framework.dart:5871:14)
#126    _InactiveElements._deactivateRecursively (package:flutter/src/widgets/framework.dart:2141:13)
#127    SingleChildRenderObjectElement.visitChildren (package:flutter/src/widgets/framework.dart:7101:14)
#128    _InactiveElements._deactivateRecursively (package:flutter/src/widgets/framework.dart:2141:13)
#129    ComponentElement.visitChildren (package:flutter/src/widgets/framework.dart:5871:14)
#130    _InactiveElements._deactivateRecursively (package:flutter/src/widgets/framework.dart:2141:13)
#131    ComponentElement.visitChildren (package:flutter/src/widgets/framework.dart:5871:14)
#132    _InactiveElements._deactivateRecursively (package:flutter/src/widgets/framework.dart:2141:13)
#133    ComponentElement.visitChildren (package:flutter/src/widgets/framework.dart:5871:14)
#134    _InactiveElements._deactivateRecursively (package:flutter/src/widgets/framework.dart:2141:13)
#135    ComponentElement.visitChildren (package:flutter/src/widgets/framework.dart:5871:14)
#136    _InactiveElements._deactivateRecursively (package:flutter/src/widgets/framework.dart:2141:13)
#137    ComponentElement.visitChildren (package:flutter/src/widgets/framework.dart:5871:14)
#138    _InactiveElements._deactivateRecursively (package:flutter/src/widgets/framework.dart:2141:13)
#139    SingleChildRenderObjectElement.visitChildren (package:flutter/src/widgets/framework.dart:7101:14)
#140    _InactiveElements._deactivateRecursively (package:flutter/src/widgets/framework.dart:2141:13)
#141    ComponentElement.visitChildren (package:flutter/src/widgets/framework.dart:5871:14)
#142    _InactiveElements._deactivateRecursively (package:flutter/src/widgets/framework.dart:2141:13)
#143    ComponentElement.visitChildren (package:flutter/src/widgets/framework.dart:5871:14)
#144    _InactiveElements._deactivateRecursively (package:flutter/src/widgets/framework.dart:2141:13)
#145    ComponentElement.visitChildren (package:flutter/src/widgets/framework.dart:5871:14)
#146    _InactiveElements._deactivateRecursively (package:flutter/src/widgets/framework.dart:2141:13)
#147    ComponentElement.visitChildren (package:flutter/src/widgets/framework.dart:5871:14)
#148    _InactiveElements._deactivateRecursively (package:flutter/src/widgets/framework.dart:2141:13)
#149    ComponentElement.visitChildren (package:flutter/src/widgets/framework.dart:5871:14)
#150    _InactiveElements._deactivateRecursively (package:flutter/src/widgets/framework.dart:2141:13)
#151    SingleChildRenderObjectElement.visitChildren (package:flutter/src/widgets/framework.dart:7101:14)
#152    _InactiveElements._deactivateRecursively (package:flutter/src/widgets/framework.dart:2141:13)
#153    ComponentElement.visitChildren (package:flutter/src/widgets/framework.dart:5871:14)
#154    _InactiveElements._deactivateRecursively (package:flutter/src/widgets/framework.dart:2141:13)
#155    ComponentElement.visitChildren (package:flutter/src/widgets/framework.dart:5871:14)
#156    _InactiveElements._deactivateRecursively (package:flutter/src/widgets/framework.dart:2141:13)
#157    ComponentElement.visitChildren (package:flutter/src/widgets/framework.dart:5871:14)
#158    _InactiveElements._deactivateRecursively (package:flutter/src/widgets/framework.dart:2141:13)
#159    ComponentElement.visitChildren (package:flutter/src/widgets/framework.dart:5871:14)
#160    _InactiveElements._deactivateRecursively (package:flutter/src/widgets/framework.dart:2141:13)
#161    SingleChildRenderObjectElement.visitChildren (package:flutter/src/widgets/framework.dart:7101:14)
#162    _InactiveElements._deactivateRecursively (package:flutter/src/widgets/framework.dart:2141:13)
#163    ComponentElement.visitChildren (package:flutter/src/widgets/framework.dart:5871:14)
#164    _InactiveElements._deactivateRecursively (package:flutter/src/widgets/framework.dart:2141:13)
#165    ComponentElement.visitChildren (package:flutter/src/widgets/framework.dart:5871:14)
#166    _InactiveElements._deactivateRecursively (package:flutter/src/widgets/framework.dart:2141:13)
#167    ComponentElement.visitChildren (package:flutter/src/widgets/framework.dart:5871:14)
#168    _InactiveElements._deactivateRecursively (package:flutter/src/widgets/framework.dart:2141:13)
#169    ComponentElement.visitChildren (package:flutter/src/widgets/framework.dart:5871:14)
#170    _InactiveElements._deactivateRecursively (package:flutter/src/widgets/framework.dart:2141:13)
#171    ComponentElement.visitChildren (package:flutter/src/widgets/framework.dart:5871:14)
#172    _InactiveElements._deactivateRecursively (package:flutter/src/widgets/framework.dart:2141:13)
#173    ComponentElement.visitChildren (package:flutter/src/widgets/framework.dart:5871:14)
#174    _InactiveElements._deactivateRecursively (package:flutter/src/widgets/framework.dart:2141:13)
#175    ComponentElement.visitChildren (package:flutter/src/widgets/framework.dart:5871:14)
#176    _InactiveElements._deactivateRecursively (package:flutter/src/widgets/framework.dart:2141:13)
#177    ComponentElement.visitChildren (package:flutter/src/widgets/framework.dart:5871:14)
#178    _InactiveElements._deactivateRecursively (package:flutter/src/widgets/framework.dart:2141:13)
#179    ComponentElement.visitChildren (package:flutter/src/widgets/framework.dart:5871:14)
#180    _InactiveElements._deactivateRecursively (package:flutter/src/widgets/framework.dart:2141:13)
#181    ComponentElement.visitChildren (package:flutter/src/widgets/framework.dart:5871:14)
#182    _InactiveElements._deactivateRecursively (package:flutter/src/widgets/framework.dart:2141:13)
#183    ComponentElement.visitChildren (package:flutter/src/widgets/framework.dart:5871:14)
#184    _InactiveElements._deactivateRecursively (package:flutter/src/widgets/framework.dart:2141:13)
#185    ComponentElement.visitChildren (package:flutter/src/widgets/framework.dart:5871:14)
#186    _InactiveElements._deactivateRecursively (package:flutter/src/widgets/framework.dart:2141:13)
#187    ComponentElement.visitChildren (package:flutter/src/widgets/framework.dart:5871:14)
#188    _InactiveElements._deactivateRecursively (package:flutter/src/widgets/framework.dart:2141:13)
#189    ComponentElement.visitChildren (package:flutter/src/widgets/framework.dart:5871:14)
#190    _InactiveElements._deactivateRecursively (package:flutter/src/widgets/framework.dart:2141:13)
#191    _InactiveElements.add (package:flutter/src/widgets/framework.dart:2155:9)
#192    Element.deactivateChild (package:flutter/src/widgets/framework.dart:4636:30)
#193    Element.updateChild (package:flutter/src/widgets/framework.dart:4048:9)
#194    ComponentElement.performRebuild (package:flutter/src/widgets/framework.dart:5841:16)
#195    Element.rebuild (package:flutter/src/widgets/framework.dart:5529:7)
#196    ProxyElement.update (package:flutter/src/widgets/framework.dart:6149:5)
#197    _InheritedNotifierElement.update (package:flutter/src/widgets/inherited_notifier.dart:108:11)
#198    Element.updateChild (package:flutter/src/widgets/framework.dart:4037:15)
#199    ComponentElement.performRebuild (package:flutter/src/widgets/framework.dart:5841:16)
#200    StatefulElement.performRebuild (package:flutter/src/widgets/framework.dart:5982:11)
#201    Element.rebuild (package:flutter/src/widgets/framework.dart:5529:7)
#202    StatefulElement.update (package:flutter/src/widgets/framework.dart:6007:5)
#203    Element.updateChild (package:flutter/src/widgets/framework.dart:4037:15)
#204    ComponentElement.performRebuild (package:flutter/src/widgets/framework.dart:5841:16)
#205    Element.rebuild (package:flutter/src/widgets/framework.dart:5529:7)
#206    ProxyElement.update (package:flutter/src/widgets/framework.dart:6149:5)
#207    _InheritedNotifierElement.update (package:flutter/src/widgets/inherited_notifier.dart:108:11)
#208    Element.updateChild (package:flutter/src/widgets/framework.dart:4037:15)
#209    ComponentElement.performRebuild (package:flutter/src/widgets/framework.dart:5841:16)
#210    StatefulElement.performRebuild (package:flutter/src/widgets/framework.dart:5982:11)
#211    Element.rebuild (package:flutter/src/widgets/framework.dart:5529:7)
#212    StatefulElement.update (package:flutter/src/widgets/framework.dart:6007:5)
#213    Element.updateChild (package:flutter/src/widgets/framework.dart:4037:15)
#214    ComponentElement.performRebuild (package:flutter/src/widgets/framework.dart:5841:16)
#215    StatefulElement.performRebuild (package:flutter/src/widgets/framework.dart:5982:11)
#216    Element.rebuild (package:flutter/src/widgets/framework.dart:5529:7)
#217    StatefulElement.update (package:flutter/src/widgets/framework.dart:6007:5)
#218    Element.updateChild (package:flutter/src/widgets/framework.dart:4037:15)
#219    ComponentElement.performRebuild (package:flutter/src/widgets/framework.dart:5841:16)
#220    Element.rebuild (package:flutter/src/widgets/framework.dart:5529:7)
#221    ProxyElement.update (package:flutter/src/widgets/framework.dart:6149:5)
#222    Element.updateChild (package:flutter/src/widgets/framework.dart:4037:15)
#223    ComponentElement.performRebuild (package:flutter/src/widgets/framework.dart:5841:16)
#224    StatefulElement.performRebuild (package:flutter/src/widgets/framework.dart:5982:11)
#225    Element.rebuild (package:flutter/src/widgets/framework.dart:5529:7)
#226    StatefulElement.update (package:flutter/src/widgets/framework.dart:6007:5)
#227    Element.updateChild (package:flutter/src/widgets/framework.dart:4037:15)
#228    ComponentElement.performRebuild (package:flutter/src/widgets/framework.dart:5841:16)
#229    Element.rebuild (package:flutter/src/widgets/framework.dart:5529:7)
#230    ProxyElement.update (package:flutter/src/widgets/framework.dart:6149:5)
#231    Element.updateChild (package:flutter/src/widgets/framework.dart:4037:15)
#232    ComponentElement.performRebuild (package:flutter/src/widgets/framework.dart:5841:16)
#233    Element.rebuild (package:flutter/src/widgets/framework.dart:5529:7)
#234    ProxyElement.update (package:flutter/src/widgets/framework.dart:6149:5)
#235    Element.updateChild (package:flutter/src/widgets/framework.dart:4037:15)
#236    _RawViewElement._updateChild (package:flutter/src/widgets/view.dart:481:16)
#237    _RawViewElement.update (package:flutter/src/widgets/view.dart:568:5)
#238    Element.updateChild (package:flutter/src/widgets/framework.dart:4037:15)
#239    ComponentElement.performRebuild (package:flutter/src/widgets/framework.dart:5841:16)
#240    Element.rebuild (package:flutter/src/widgets/framework.dart:5529:7)
#241    StatelessElement.update (package:flutter/src/widgets/framework.dart:5895:5)
#242    Element.updateChild (package:flutter/src/widgets/framework.dart:4037:15)
#243    ComponentElement.performRebuild (package:flutter/src/widgets/framework.dart:5841:16)
#244    StatefulElement.performRebuild (package:flutter/src/widgets/framework.dart:5982:11)
#245    Element.rebuild (package:flutter/src/widgets/framework.dart:5529:7)
#246    StatefulElement.update (package:flutter/src/widgets/framework.dart:6007:5)
#247    Element.updateChild (package:flutter/src/widgets/framework.dart:4037:15)
#248    RootElement._rebuild (package:flutter/src/widgets/binding.dart:1822:16)
#249    RootElement.update (package:flutter/src/widgets/binding.dart:1800:5)
#250    RootElement.performRebuild (package:flutter/src/widgets/binding.dart:1814:7)
#251    Element.rebuild (package:flutter/src/widgets/framework.dart:5529:7)
#252    BuildScope._tryRebuild (package:flutter/src/widgets/framework.dart:2750:15)
#253    BuildScope._flushDirtyElements (package:flutter/src/widgets/framework.dart:2807:11)
#254    BuildOwner.buildScope (package:flutter/src/widgets/framework.dart:3111:18)
#255    AutomatedTestWidgetsFlutterBinding.drawFrame (package:flutter_test/src/binding.dart:2131:19)
#256    RendererBinding._handlePersistentFrameCallback (package:flutter/src/rendering/binding.dart:495:5)
#257    SchedulerBinding._invokeFrameCallback (package:flutter/src/scheduler/binding.dart:1430:15)
#258    SchedulerBinding.handleDrawFrame (package:flutter/src/scheduler/binding.dart:1345:9)
#259    AutomatedTestWidgetsFlutterBinding.scheduleWarmUpFrame (package:flutter_test/src/binding.dart:2057:5)
#260    _runWidget (package:flutter/src/widgets/binding.dart:1683:7)
#261    runApp (package:flutter/src/widgets/binding.dart:1616:3)
#262    TestWidgetsFlutterBinding._runTestBody (package:flutter_test/src/binding.dart:1670:5)
#265    TestWidgetsFlutterBinding._runTest (package:flutter_test/src/binding.dart:1656:10)
#266    AutomatedTestWidgetsFlutterBinding.runTest.<anonymous closure> (package:flutter_test/src/binding.dart:2189:24)
#267    FakeAsync.run.<anonymous closure>.<anonymous closure> (package:fake_async/fake_async.dart:182:47)
#272    withClock (package:clock/src/default.dart:52:10)
#273    FakeAsync.run.<anonymous closure> (package:fake_async/fake_async.dart:182:15)
#278    FakeAsync.run (package:fake_async/fake_async.dart:181:52)
#279    AutomatedTestWidgetsFlutterBinding.runTest (package:flutter_test/src/binding.dart:2186:15)
#280    testWidgets.<anonymous closure> (package:flutter_test/src/widget_tester.dart:184:24)
#281    Declarer.test.<anonymous closure>.<anonymous closure> (package:test_api/src/backend/declarer.dart:253:25)
<asynchronous suspension>
#282    Declarer.test.<anonymous closure> (package:test_api/src/backend/declarer.dart:250:11)
<asynchronous suspension>
#283    Invoker._waitForOutstandingCallbacks.<anonymous closure> (package:test_api/src/backend/invoker.dart:318:9)
<asynchronous suspension>
(elided 12 frames from class _AssertionError and dart:async)

════════════════════════════════════════════════════════════════════════════════════════════════════
══╡ EXCEPTION CAUGHT BY WIDGETS LIBRARY ╞═══════════════════════════════════════════════════════════
The following UnimplementedError was thrown building DefaultTextStyle(debugLabel: (englishLike
bodyMedium 2021).merge((blackMountainView bodyMedium).apply), inherit: false, color: Color(alpha:
1.0000, red: 0.1137, green: 0.1059, blue: 0.1255, colorSpace: ColorSpace.sRGB), family: Roboto,
size: 14.0, weight: 400, letterSpacing: 0.3, baseline: alphabetic, height: 1.4x,
leadingDistribution: even, decoration: Color(alpha: 1.0000, red: 0.1137, green: 0.1059, blue:
0.1255, colorSpace: ColorSpace.sRGB) TextDecoration.none, softWrap: wrapping at box width, overflow:
clip):
watch

The relevant error-causing widget was:
  AlertDialog
  AlertDialog:file:///Users/juhanisnellman/dev/kuvari/lib/widgets/tag_management_dialog.dart:159:12

When the exception was thrown, this was the stack:
#0      Fake.noSuchMethod (package:test_api/src/frontend/fake.dart:50:5)
#1      FakeTagBox.watch (file:///Users/juhanisnellman/dev/kuvari/test/widgets/tag_management_dialog_test.dart:10:7)
#2      _BoxListenable.addListener (package:hive_flutter/src/box_extensions.dart:48:29)
#3      _ValueListenableBuilderState.initState (package:flutter/src/widgets/value_listenable_builder.dart:116:28)
#4      StatefulElement._firstBuild (package:flutter/src/widgets/framework.dart:5950:55)
#5      ComponentElement.mount (package:flutter/src/widgets/framework.dart:5793:5)
...     Normal element mounting (4 frames)
#9      Element.inflateWidget (package:flutter/src/widgets/framework.dart:4587:20)
#10     MultiChildRenderObjectElement.inflateWidget (package:flutter/src/widgets/framework.dart:7264:36)
#11     MultiChildRenderObjectElement.mount (package:flutter/src/widgets/framework.dart:7279:32)
...     Normal element mounting (22 frames)
#33     Element.inflateWidget (package:flutter/src/widgets/framework.dart:4587:20)
#34     MultiChildRenderObjectElement.inflateWidget (package:flutter/src/widgets/framework.dart:7264:36)
#35     MultiChildRenderObjectElement.mount (package:flutter/src/widgets/framework.dart:7279:32)
...     Normal element mounting (128 frames)
#163    Element.inflateWidget (package:flutter/src/widgets/framework.dart:4587:20)
#164    MultiChildRenderObjectElement.inflateWidget (package:flutter/src/widgets/framework.dart:7264:36)
#165    MultiChildRenderObjectElement.mount (package:flutter/src/widgets/framework.dart:7279:32)
...     Normal element mounting (364 frames)
#529    Element.inflateWidget (package:flutter/src/widgets/framework.dart:4587:20)
#530    MultiChildRenderObjectElement.inflateWidget (package:flutter/src/widgets/framework.dart:7264:36)
#531    MultiChildRenderObjectElement.mount (package:flutter/src/widgets/framework.dart:7279:32)
...     Normal element mounting (467 frames)
#998    Element.inflateWidget (package:flutter/src/widgets/framework.dart:4587:20)
#999    Element.updateChild (package:flutter/src/widgets/framework.dart:4053:20)
#1000   ComponentElement.performRebuild (package:flutter/src/widgets/framework.dart:5841:16)
#1001   Element.rebuild (package:flutter/src/widgets/framework.dart:5529:7)
#1002   ProxyElement.update (package:flutter/src/widgets/framework.dart:6149:5)
#1003   _InheritedNotifierElement.update (package:flutter/src/widgets/inherited_notifier.dart:108:11)
#1004   Element.updateChild (package:flutter/src/widgets/framework.dart:4037:15)
#1005   ComponentElement.performRebuild (package:flutter/src/widgets/framework.dart:5841:16)
#1006   StatefulElement.performRebuild (package:flutter/src/widgets/framework.dart:5982:11)
#1007   Element.rebuild (package:flutter/src/widgets/framework.dart:5529:7)
#1008   StatefulElement.update (package:flutter/src/widgets/framework.dart:6007:5)
#1009   Element.updateChild (package:flutter/src/widgets/framework.dart:4037:15)
#1010   ComponentElement.performRebuild (package:flutter/src/widgets/framework.dart:5841:16)
#1011   Element.rebuild (package:flutter/src/widgets/framework.dart:5529:7)
#1012   ProxyElement.update (package:flutter/src/widgets/framework.dart:6149:5)
#1013   _InheritedNotifierElement.update (package:flutter/src/widgets/inherited_notifier.dart:108:11)
#1014   Element.updateChild (package:flutter/src/widgets/framework.dart:4037:15)
#1015   ComponentElement.performRebuild (package:flutter/src/widgets/framework.dart:5841:16)
#1016   StatefulElement.performRebuild (package:flutter/src/widgets/framework.dart:5982:11)
#1017   Element.rebuild (package:flutter/src/widgets/framework.dart:5529:7)
#1018   StatefulElement.update (package:flutter/src/widgets/framework.dart:6007:5)
#1019   Element.updateChild (package:flutter/src/widgets/framework.dart:4037:15)
#1020   ComponentElement.performRebuild (package:flutter/src/widgets/framework.dart:5841:16)
#1021   StatefulElement.performRebuild (package:flutter/src/widgets/framework.dart:5982:11)
#1022   Element.rebuild (package:flutter/src/widgets/framework.dart:5529:7)
#1023   StatefulElement.update (package:flutter/src/widgets/framework.dart:6007:5)
#1024   Element.updateChild (package:flutter/src/widgets/framework.dart:4037:15)
#1025   ComponentElement.performRebuild (package:flutter/src/widgets/framework.dart:5841:16)
#1026   Element.rebuild (package:flutter/src/widgets/framework.dart:5529:7)
#1027   ProxyElement.update (package:flutter/src/widgets/framework.dart:6149:5)
#1028   Element.updateChild (package:flutter/src/widgets/framework.dart:4037:15)
#1029   ComponentElement.performRebuild (package:flutter/src/widgets/framework.dart:5841:16)
#1030   StatefulElement.performRebuild (package:flutter/src/widgets/framework.dart:5982:11)
#1031   Element.rebuild (package:flutter/src/widgets/framework.dart:5529:7)
#1032   StatefulElement.update (package:flutter/src/widgets/framework.dart:6007:5)
#1033   Element.updateChild (package:flutter/src/widgets/framework.dart:4037:15)
#1034   ComponentElement.performRebuild (package:flutter/src/widgets/framework.dart:5841:16)
#1035   Element.rebuild (package:flutter/src/widgets/framework.dart:5529:7)
#1036   ProxyElement.update (package:flutter/src/widgets/framework.dart:6149:5)
#1037   Element.updateChild (package:flutter/src/widgets/framework.dart:4037:15)
#1038   ComponentElement.performRebuild (package:flutter/src/widgets/framework.dart:5841:16)
#1039   Element.rebuild (package:flutter/src/widgets/framework.dart:5529:7)
#1040   ProxyElement.update (package:flutter/src/widgets/framework.dart:6149:5)
#1041   Element.updateChild (package:flutter/src/widgets/framework.dart:4037:15)
#1042   _RawViewElement._updateChild (package:flutter/src/widgets/view.dart:481:16)
#1043   _RawViewElement.update (package:flutter/src/widgets/view.dart:568:5)
#1044   Element.updateChild (package:flutter/src/widgets/framework.dart:4037:15)
#1045   ComponentElement.performRebuild (package:flutter/src/widgets/framework.dart:5841:16)
#1046   Element.rebuild (package:flutter/src/widgets/framework.dart:5529:7)
#1047   StatelessElement.update (package:flutter/src/widgets/framework.dart:5895:5)
#1048   Element.updateChild (package:flutter/src/widgets/framework.dart:4037:15)
#1049   ComponentElement.performRebuild (package:flutter/src/widgets/framework.dart:5841:16)
#1050   StatefulElement.performRebuild (package:flutter/src/widgets/framework.dart:5982:11)
#1051   Element.rebuild (package:flutter/src/widgets/framework.dart:5529:7)
#1052   StatefulElement.update (package:flutter/src/widgets/framework.dart:6007:5)
#1053   Element.updateChild (package:flutter/src/widgets/framework.dart:4037:15)
#1054   RootElement._rebuild (package:flutter/src/widgets/binding.dart:1822:16)
#1055   RootElement.update (package:flutter/src/widgets/binding.dart:1800:5)
#1056   RootElement.performRebuild (package:flutter/src/widgets/binding.dart:1814:7)
#1057   Element.rebuild (package:flutter/src/widgets/framework.dart:5529:7)
#1058   BuildScope._tryRebuild (package:flutter/src/widgets/framework.dart:2750:15)
#1059   BuildScope._flushDirtyElements (package:flutter/src/widgets/framework.dart:2807:11)
#1060   BuildOwner.buildScope (package:flutter/src/widgets/framework.dart:3111:18)
#1061   AutomatedTestWidgetsFlutterBinding.drawFrame (package:flutter_test/src/binding.dart:2131:19)
#1062   RendererBinding._handlePersistentFrameCallback (package:flutter/src/rendering/binding.dart:495:5)
#1063   SchedulerBinding._invokeFrameCallback (package:flutter/src/scheduler/binding.dart:1430:15)
#1064   SchedulerBinding.handleDrawFrame (package:flutter/src/scheduler/binding.dart:1345:9)
#1065   AutomatedTestWidgetsFlutterBinding.pump.<anonymous closure> (package:flutter_test/src/binding.dart:1960:9)
#1068   TestAsyncUtils.guard (package:flutter_test/src/test_async_utils.dart:74:41)
#1069   AutomatedTestWidgetsFlutterBinding.pump (package:flutter_test/src/binding.dart:1949:27)
#1070   WidgetTester.pumpWidget.<anonymous closure> (package:flutter_test/src/widget_tester.dart:598:22)
#1073   TestAsyncUtils.guard (package:flutter_test/src/test_async_utils.dart:74:41)
#1074   WidgetTester.pumpWidget (package:flutter_test/src/widget_tester.dart:595:27)
#1075   main.<anonymous closure> (file:///Users/juhanisnellman/dev/kuvari/test/widgets/tag_management_dialog_test.dart:104:18)
#1076   testWidgets.<anonymous closure>.<anonymous closure> (package:flutter_test/src/widget_tester.dart:192:29)
<asynchronous suspension>
#1077   TestWidgetsFlutterBinding._runTestBody (package:flutter_test/src/binding.dart:1682:5)
<asynchronous suspension>
<asynchronous suspension>
(elided 5 frames from dart:async and package:stack_trace)

════════════════════════════════════════════════════════════════════════════════════════════════════
══╡ EXCEPTION CAUGHT BY WIDGETS LIBRARY ╞═══════════════════════════════════════════════════════════
The following assertion was thrown building _FocusInheritedScope(dirty):
'package:flutter/src/widgets/framework.dart': Failed assertion: line 6417 pos 14: '() {
        // check that it really is our descendant
        Element? ancestor = dependent._parent;
        while (ancestor != this && ancestor != null) {
          ancestor = ancestor._parent;
        }
        return ancestor == this;
      }()': is not true.

Either the assertion indicates an error in the framework itself, or we should provide substantially
more information in this error message to help you determine and fix the underlying cause.
In either case, please report this assertion by filing a bug on GitHub:
  https://github.com/flutter/flutter/issues/new?template=02_bug.yml

The relevant error-causing widget was:
  MaterialApp
  MaterialApp:file:///Users/juhanisnellman/dev/kuvari/test/widgets/tag_management_dialog_test.dart:59:12

When the exception was thrown, this was the stack:
#2      InheritedElement.notifyClients (package:flutter/src/widgets/framework.dart:6417:14)
#3      _InheritedNotifierElement.notifyClients (package:flutter/src/widgets/inherited_notifier.dart:126:11)
#4      _InheritedNotifierElement.build (package:flutter/src/widgets/inherited_notifier.dart:114:7)
#5      ComponentElement.performRebuild (package:flutter/src/widgets/framework.dart:5817:15)
#6      Element.rebuild (package:flutter/src/widgets/framework.dart:5529:7)
#7      ProxyElement.update (package:flutter/src/widgets/framework.dart:6149:5)
#8      _InheritedNotifierElement.update (package:flutter/src/widgets/inherited_notifier.dart:108:11)
#9      Element.updateChild (package:flutter/src/widgets/framework.dart:4037:15)
#10     SingleChildRenderObjectElement.update (package:flutter/src/widgets/framework.dart:7122:14)
#11     Element.updateChild (package:flutter/src/widgets/framework.dart:4037:15)
#12     ComponentElement.performRebuild (package:flutter/src/widgets/framework.dart:5841:16)
#13     StatefulElement.performRebuild (package:flutter/src/widgets/framework.dart:5982:11)
#14     Element.rebuild (package:flutter/src/widgets/framework.dart:5529:7)
#15     BuildScope._tryRebuild (package:flutter/src/widgets/framework.dart:2750:15)
#16     BuildScope._flushDirtyElements (package:flutter/src/widgets/framework.dart:2807:11)
#17     BuildOwner.buildScope (package:flutter/src/widgets/framework.dart:3111:18)
#18     AutomatedTestWidgetsFlutterBinding.drawFrame (package:flutter_test/src/binding.dart:2131:19)
#19     RendererBinding._handlePersistentFrameCallback (package:flutter/src/rendering/binding.dart:495:5)
#20     SchedulerBinding._invokeFrameCallback (package:flutter/src/scheduler/binding.dart:1430:15)
#21     SchedulerBinding.handleDrawFrame (package:flutter/src/scheduler/binding.dart:1345:9)
#22     AutomatedTestWidgetsFlutterBinding.pump.<anonymous closure> (package:flutter_test/src/binding.dart:1960:9)
#25     TestAsyncUtils.guard (package:flutter_test/src/test_async_utils.dart:74:41)
#26     AutomatedTestWidgetsFlutterBinding.pump (package:flutter_test/src/binding.dart:1949:27)
#27     WidgetTester.pump.<anonymous closure> (package:flutter_test/src/widget_tester.dart:652:53)
#30     TestAsyncUtils.guard (package:flutter_test/src/test_async_utils.dart:74:41)
#31     WidgetTester.pump (package:flutter_test/src/widget_tester.dart:652:27)
#32     main.<anonymous closure> (file:///Users/juhanisnellman/dev/kuvari/test/widgets/tag_management_dialog_test.dart:105:18)
<asynchronous suspension>
#33     testWidgets.<anonymous closure>.<anonymous closure> (package:flutter_test/src/widget_tester.dart:192:15)
<asynchronous suspension>
#34     TestWidgetsFlutterBinding._runTestBody (package:flutter_test/src/binding.dart:1682:5)
<asynchronous suspension>
<asynchronous suspension>
(elided 7 frames from class _AssertionError, dart:async, and package:stack_trace)

════════════════════════════════════════════════════════════════════════════════════════════════════
══╡ EXCEPTION CAUGHT BY WIDGETS LIBRARY ╞═══════════════════════════════════════════════════════════
The following assertion was thrown building _FocusInheritedScope:
'package:flutter/src/widgets/framework.dart': Failed assertion: line 6268 pos 12:
'_dependents.isEmpty': is not true.

Either the assertion indicates an error in the framework itself, or we should provide substantially
more information in this error message to help you determine and fix the underlying cause.
In either case, please report this assertion by filing a bug on GitHub:
  https://github.com/flutter/flutter/issues/new?template=02_bug.yml

The relevant error-causing widget was:
  MaterialApp
  MaterialApp:file:///Users/juhanisnellman/dev/kuvari/test/widgets/tag_management_dialog_test.dart:59:12

When the exception was thrown, this was the stack:
#2      InheritedElement.debugDeactivated (package:flutter/src/widgets/framework.dart:6268:12)
#3      _InactiveElements._deactivateRecursively.<anonymous closure> (package:flutter/src/widgets/framework.dart:2143:15)
#4      _InactiveElements._deactivateRecursively (package:flutter/src/widgets/framework.dart:2145:6)
#5      SingleChildRenderObjectElement.visitChildren (package:flutter/src/widgets/framework.dart:7101:14)
#6      _InactiveElements._deactivateRecursively (package:flutter/src/widgets/framework.dart:2141:13)
#7      ComponentElement.visitChildren (package:flutter/src/widgets/framework.dart:5871:14)
#8      _InactiveElements._deactivateRecursively (package:flutter/src/widgets/framework.dart:2141:13)
#9      MultiChildRenderObjectElement.visitChildren (package:flutter/src/widgets/framework.dart:7223:16)
#10     _InactiveElements._deactivateRecursively (package:flutter/src/widgets/framework.dart:2141:13)
#11     SingleChildRenderObjectElement.visitChildren (package:flutter/src/widgets/framework.dart:7101:14)
#12     _InactiveElements._deactivateRecursively (package:flutter/src/widgets/framework.dart:2141:13)
#13     SingleChildRenderObjectElement.visitChildren (package:flutter/src/widgets/framework.dart:7101:14)
#14     _InactiveElements._deactivateRecursively (package:flutter/src/widgets/framework.dart:2141:13)
#15     ComponentElement.visitChildren (package:flutter/src/widgets/framework.dart:5871:14)
#16     _InactiveElements._deactivateRecursively (package:flutter/src/widgets/framework.dart:2141:13)
#17     ComponentElement.visitChildren (package:flutter/src/widgets/framework.dart:5871:14)
#18     _InactiveElements._deactivateRecursively (package:flutter/src/widgets/framework.dart:2141:13)
#19     SingleChildRenderObjectElement.visitChildren (package:flutter/src/widgets/framework.dart:7101:14)
#20     _InactiveElements._deactivateRecursively (package:flutter/src/widgets/framework.dart:2141:13)
#21     ComponentElement.visitChildren (package:flutter/src/widgets/framework.dart:5871:14)
#22     _InactiveElements._deactivateRecursively (package:flutter/src/widgets/framework.dart:2141:13)
#23     SingleChildRenderObjectElement.visitChildren (package:flutter/src/widgets/framework.dart:7101:14)
#24     _InactiveElements._deactivateRecursively (package:flutter/src/widgets/framework.dart:2141:13)
#25     ComponentElement.visitChildren (package:flutter/src/widgets/framework.dart:5871:14)
#26     _InactiveElements._deactivateRecursively (package:flutter/src/widgets/framework.dart:2141:13)
#27     SingleChildRenderObjectElement.visitChildren (package:flutter/src/widgets/framework.dart:7101:14)
#28     _InactiveElements._deactivateRecursively (package:flutter/src/widgets/framework.dart:2141:13)
#29     ComponentElement.visitChildren (package:flutter/src/widgets/framework.dart:5871:14)
#30     _InactiveElements._deactivateRecursively (package:flutter/src/widgets/framework.dart:2141:13)
#31     ComponentElement.visitChildren (package:flutter/src/widgets/framework.dart:5871:14)
#32     _InactiveElements._deactivateRecursively (package:flutter/src/widgets/framework.dart:2141:13)
#33     SingleChildRenderObjectElement.visitChildren (package:flutter/src/widgets/framework.dart:7101:14)
#34     _InactiveElements._deactivateRecursively (package:flutter/src/widgets/framework.dart:2141:13)
#35     SingleChildRenderObjectElement.visitChildren (package:flutter/src/widgets/framework.dart:7101:14)
#36     _InactiveElements._deactivateRecursively (package:flutter/src/widgets/framework.dart:2141:13)
#37     ComponentElement.visitChildren (package:flutter/src/widgets/framework.dart:5871:14)
#38     _InactiveElements._deactivateRecursively (package:flutter/src/widgets/framework.dart:2141:13)
#39     SingleChildRenderObjectElement.visitChildren (package:flutter/src/widgets/framework.dart:7101:14)
#40     _InactiveElements._deactivateRecursively (package:flutter/src/widgets/framework.dart:2141:13)
#41     ComponentElement.visitChildren (package:flutter/src/widgets/framework.dart:5871:14)
#42     _InactiveElements._deactivateRecursively (package:flutter/src/widgets/framework.dart:2141:13)
#43     SingleChildRenderObjectElement.visitChildren (package:flutter/src/widgets/framework.dart:7101:14)
#44     _InactiveElements._deactivateRecursively (package:flutter/src/widgets/framework.dart:2141:13)
#45     ComponentElement.visitChildren (package:flutter/src/widgets/framework.dart:5871:14)
#46     _InactiveElements._deactivateRecursively (package:flutter/src/widgets/framework.dart:2141:13)
#47     ComponentElement.visitChildren (package:flutter/src/widgets/framework.dart:5871:14)
#48     _InactiveElements._deactivateRecursively (package:flutter/src/widgets/framework.dart:2141:13)
#49     ComponentElement.visitChildren (package:flutter/src/widgets/framework.dart:5871:14)
#50     _InactiveElements._deactivateRecursively (package:flutter/src/widgets/framework.dart:2141:13)
#51     ComponentElement.visitChildren (package:flutter/src/widgets/framework.dart:5871:14)
#52     _InactiveElements._deactivateRecursively (package:flutter/src/widgets/framework.dart:2141:13)
#53     ComponentElement.visitChildren (package:flutter/src/widgets/framework.dart:5871:14)
#54     _InactiveElements._deactivateRecursively (package:flutter/src/widgets/framework.dart:2141:13)
#55     ComponentElement.visitChildren (package:flutter/src/widgets/framework.dart:5871:14)
#56     _InactiveElements._deactivateRecursively (package:flutter/src/widgets/framework.dart:2141:13)
#57     ComponentElement.visitChildren (package:flutter/src/widgets/framework.dart:5871:14)
#58     _InactiveElements._deactivateRecursively (package:flutter/src/widgets/framework.dart:2141:13)
#59     MultiChildRenderObjectElement.visitChildren (package:flutter/src/widgets/framework.dart:7223:16)
#60     _InactiveElements._deactivateRecursively (package:flutter/src/widgets/framework.dart:2141:13)
#61     ComponentElement.visitChildren (package:flutter/src/widgets/framework.dart:5871:14)
#62     _InactiveElements._deactivateRecursively (package:flutter/src/widgets/framework.dart:2141:13)
#63     ComponentElement.visitChildren (package:flutter/src/widgets/framework.dart:5871:14)
#64     _InactiveElements._deactivateRecursively (package:flutter/src/widgets/framework.dart:2141:13)
#65     ComponentElement.visitChildren (package:flutter/src/widgets/framework.dart:5871:14)
#66     _InactiveElements._deactivateRecursively (package:flutter/src/widgets/framework.dart:2141:13)
#67     ComponentElement.visitChildren (package:flutter/src/widgets/framework.dart:5871:14)
#68     _InactiveElements._deactivateRecursively (package:flutter/src/widgets/framework.dart:2141:13)
#69     ComponentElement.visitChildren (package:flutter/src/widgets/framework.dart:5871:14)
#70     _InactiveElements._deactivateRecursively (package:flutter/src/widgets/framework.dart:2141:13)
#71     SingleChildRenderObjectElement.visitChildren (package:flutter/src/widgets/framework.dart:7101:14)
#72     _InactiveElements._deactivateRecursively (package:flutter/src/widgets/framework.dart:2141:13)
#73     ComponentElement.visitChildren (package:flutter/src/widgets/framework.dart:5871:14)
#74     _InactiveElements._deactivateRecursively (package:flutter/src/widgets/framework.dart:2141:13)
#75     SingleChildRenderObjectElement.visitChildren (package:flutter/src/widgets/framework.dart:7101:14)
#76     _InactiveElements._deactivateRecursively (package:flutter/src/widgets/framework.dart:2141:13)
#77     ComponentElement.visitChildren (package:flutter/src/widgets/framework.dart:5871:14)
#78     _InactiveElements._deactivateRecursively (package:flutter/src/widgets/framework.dart:2141:13)
#79     ComponentElement.visitChildren (package:flutter/src/widgets/framework.dart:5871:14)
#80     _InactiveElements._deactivateRecursively (package:flutter/src/widgets/framework.dart:2141:13)
#81     ComponentElement.visitChildren (package:flutter/src/widgets/framework.dart:5871:14)
#82     _InactiveElements._deactivateRecursively (package:flutter/src/widgets/framework.dart:2141:13)
#83     ComponentElement.visitChildren (package:flutter/src/widgets/framework.dart:5871:14)
#84     _InactiveElements._deactivateRecursively (package:flutter/src/widgets/framework.dart:2141:13)
#85     ComponentElement.visitChildren (package:flutter/src/widgets/framework.dart:5871:14)
#86     _InactiveElements._deactivateRecursively (package:flutter/src/widgets/framework.dart:2141:13)
#87     ComponentElement.visitChildren (package:flutter/src/widgets/framework.dart:5871:14)
#88     _InactiveElements._deactivateRecursively (package:flutter/src/widgets/framework.dart:2141:13)
#89     ComponentElement.visitChildren (package:flutter/src/widgets/framework.dart:5871:14)
#90     _InactiveElements._deactivateRecursively (package:flutter/src/widgets/framework.dart:2141:13)
#91     ComponentElement.visitChildren (package:flutter/src/widgets/framework.dart:5871:14)
#92     _InactiveElements._deactivateRecursively (package:flutter/src/widgets/framework.dart:2141:13)
#93     SingleChildRenderObjectElement.visitChildren (package:flutter/src/widgets/framework.dart:7101:14)
#94     _InactiveElements._deactivateRecursively (package:flutter/src/widgets/framework.dart:2141:13)
#95     ComponentElement.visitChildren (package:flutter/src/widgets/framework.dart:5871:14)
#96     _InactiveElements._deactivateRecursively (package:flutter/src/widgets/framework.dart:2141:13)
#97     SingleChildRenderObjectElement.visitChildren (package:flutter/src/widgets/framework.dart:7101:14)
#98     _InactiveElements._deactivateRecursively (package:flutter/src/widgets/framework.dart:2141:13)
#99     SingleChildRenderObjectElement.visitChildren (package:flutter/src/widgets/framework.dart:7101:14)
#100    _InactiveElements._deactivateRecursively (package:flutter/src/widgets/framework.dart:2141:13)
#101    ComponentElement.visitChildren (package:flutter/src/widgets/framework.dart:5871:14)
#102    _InactiveElements._deactivateRecursively (package:flutter/src/widgets/framework.dart:2141:13)
#103    SingleChildRenderObjectElement.visitChildren (package:flutter/src/widgets/framework.dart:7101:14)
#104    _InactiveElements._deactivateRecursively (package:flutter/src/widgets/framework.dart:2141:13)
#105    ComponentElement.visitChildren (package:flutter/src/widgets/framework.dart:5871:14)
#106    _InactiveElements._deactivateRecursively (package:flutter/src/widgets/framework.dart:2141:13)
#107    SingleChildRenderObjectElement.visitChildren (package:flutter/src/widgets/framework.dart:7101:14)
#108    _InactiveElements._deactivateRecursively (package:flutter/src/widgets/framework.dart:2141:13)
#109    SingleChildRenderObjectElement.visitChildren (package:flutter/src/widgets/framework.dart:7101:14)
#110    _InactiveElements._deactivateRecursively (package:flutter/src/widgets/framework.dart:2141:13)
#111    ComponentElement.visitChildren (package:flutter/src/widgets/framework.dart:5871:14)
#112    _InactiveElements._deactivateRecursively (package:flutter/src/widgets/framework.dart:2141:13)
#113    SingleChildRenderObjectElement.visitChildren (package:flutter/src/widgets/framework.dart:7101:14)
#114    _InactiveElements._deactivateRecursively (package:flutter/src/widgets/framework.dart:2141:13)
#115    ComponentElement.visitChildren (package:flutter/src/widgets/framework.dart:5871:14)
#116    _InactiveElements._deactivateRecursively (package:flutter/src/widgets/framework.dart:2141:13)
#117    SingleChildRenderObjectElement.visitChildren (package:flutter/src/widgets/framework.dart:7101:14)
#118    _InactiveElements._deactivateRecursively (package:flutter/src/widgets/framework.dart:2141:13)
#119    SingleChildRenderObjectElement.visitChildren (package:flutter/src/widgets/framework.dart:7101:14)
#120    _InactiveElements._deactivateRecursively (package:flutter/src/widgets/framework.dart:2141:13)
#121    ComponentElement.visitChildren (package:flutter/src/widgets/framework.dart:5871:14)
#122    _InactiveElements._deactivateRecursively (package:flutter/src/widgets/framework.dart:2141:13)
#123    SingleChildRenderObjectElement.visitChildren (package:flutter/src/widgets/framework.dart:7101:14)
#124    _InactiveElements._deactivateRecursively (package:flutter/src/widgets/framework.dart:2141:13)
#125    SingleChildRenderObjectElement.visitChildren (package:flutter/src/widgets/framework.dart:7101:14)
#126    _InactiveElements._deactivateRecursively (package:flutter/src/widgets/framework.dart:2141:13)
#127    SingleChildRenderObjectElement.visitChildren (package:flutter/src/widgets/framework.dart:7101:14)
#128    _InactiveElements._deactivateRecursively (package:flutter/src/widgets/framework.dart:2141:13)
#129    ComponentElement.visitChildren (package:flutter/src/widgets/framework.dart:5871:14)
#130    _InactiveElements._deactivateRecursively (package:flutter/src/widgets/framework.dart:2141:13)
#131    SingleChildRenderObjectElement.visitChildren (package:flutter/src/widgets/framework.dart:7101:14)
#132    _InactiveElements._deactivateRecursively (package:flutter/src/widgets/framework.dart:2141:13)
#133    ComponentElement.visitChildren (package:flutter/src/widgets/framework.dart:5871:14)
#134    _InactiveElements._deactivateRecursively (package:flutter/src/widgets/framework.dart:2141:13)
#135    ComponentElement.visitChildren (package:flutter/src/widgets/framework.dart:5871:14)
#136    _InactiveElements._deactivateRecursively (package:flutter/src/widgets/framework.dart:2141:13)
#137    ComponentElement.visitChildren (package:flutter/src/widgets/framework.dart:5871:14)
#138    _InactiveElements._deactivateRecursively (package:flutter/src/widgets/framework.dart:2141:13)
#139    ComponentElement.visitChildren (package:flutter/src/widgets/framework.dart:5871:14)
#140    _InactiveElements._deactivateRecursively (package:flutter/src/widgets/framework.dart:2141:13)
#141    ComponentElement.visitChildren (package:flutter/src/widgets/framework.dart:5871:14)
#142    _InactiveElements._deactivateRecursively (package:flutter/src/widgets/framework.dart:2141:13)
#143    SingleChildRenderObjectElement.visitChildren (package:flutter/src/widgets/framework.dart:7101:14)
#144    _InactiveElements._deactivateRecursively (package:flutter/src/widgets/framework.dart:2141:13)
#145    _InactiveElements.add (package:flutter/src/widgets/framework.dart:2155:9)
#146    Element.deactivateChild (package:flutter/src/widgets/framework.dart:4636:30)
#147    Element.updateChild (package:flutter/src/widgets/framework.dart:4048:9)
#148    ComponentElement.performRebuild (package:flutter/src/widgets/framework.dart:5841:16)
#149    Element.rebuild (package:flutter/src/widgets/framework.dart:5529:7)
#150    ProxyElement.update (package:flutter/src/widgets/framework.dart:6149:5)
#151    _InheritedNotifierElement.update (package:flutter/src/widgets/inherited_notifier.dart:108:11)
#152    Element.updateChild (package:flutter/src/widgets/framework.dart:4037:15)
#153    SingleChildRenderObjectElement.update (package:flutter/src/widgets/framework.dart:7122:14)
#154    Element.updateChild (package:flutter/src/widgets/framework.dart:4037:15)
#155    ComponentElement.performRebuild (package:flutter/src/widgets/framework.dart:5841:16)
#156    StatefulElement.performRebuild (package:flutter/src/widgets/framework.dart:5982:11)
#157    Element.rebuild (package:flutter/src/widgets/framework.dart:5529:7)
#158    BuildScope._tryRebuild (package:flutter/src/widgets/framework.dart:2750:15)
#159    BuildScope._flushDirtyElements (package:flutter/src/widgets/framework.dart:2807:11)
#160    BuildOwner.buildScope (package:flutter/src/widgets/framework.dart:3111:18)
#161    AutomatedTestWidgetsFlutterBinding.drawFrame (package:flutter_test/src/binding.dart:2131:19)
#162    RendererBinding._handlePersistentFrameCallback (package:flutter/src/rendering/binding.dart:495:5)
#163    SchedulerBinding._invokeFrameCallback (package:flutter/src/scheduler/binding.dart:1430:15)
#164    SchedulerBinding.handleDrawFrame (package:flutter/src/scheduler/binding.dart:1345:9)
#165    AutomatedTestWidgetsFlutterBinding.pump.<anonymous closure> (package:flutter_test/src/binding.dart:1960:9)
#168    TestAsyncUtils.guard (package:flutter_test/src/test_async_utils.dart:74:41)
#169    AutomatedTestWidgetsFlutterBinding.pump (package:flutter_test/src/binding.dart:1949:27)
#170    WidgetTester.pump.<anonymous closure> (package:flutter_test/src/widget_tester.dart:652:53)
#173    TestAsyncUtils.guard (package:flutter_test/src/test_async_utils.dart:74:41)
#174    WidgetTester.pump (package:flutter_test/src/widget_tester.dart:652:27)
#175    main.<anonymous closure> (file:///Users/juhanisnellman/dev/kuvari/test/widgets/tag_management_dialog_test.dart:105:18)
<asynchronous suspension>
#176    testWidgets.<anonymous closure>.<anonymous closure> (package:flutter_test/src/widget_tester.dart:192:15)
<asynchronous suspension>
#177    TestWidgetsFlutterBinding._runTestBody (package:flutter_test/src/binding.dart:1682:5)
<asynchronous suspension>
<asynchronous suspension>
(elided 7 frames from class _AssertionError, dart:async, and package:stack_trace)

════════════════════════════════════════════════════════════════════════════════════════════════════
══╡ EXCEPTION CAUGHT BY SCHEDULER LIBRARY ╞═════════════════════════════════════════════════════════
The following assertion was thrown during a scheduler callback:
Tried to build dirty widget in the wrong build scope.
A widget which was marked as dirty and is still active was scheduled to be built, but the current
build scope unexpectedly does not contain that widget.
Sometimes this is detected when an element is removed from the widget tree, but the element somehow
did not get marked as inactive. In that case, it might be caused by an ancestor element failing to
implement visitChildren correctly, thus preventing some or all of its descendants from being
correctly deactivated.
The root of the build scope was:
  [root]
The offending element (which does not appear to be a descendant of the root of the build scope) was:
  Focus

When the exception was thrown, this was the stack:
#0      BuildScope._debugAssertElementInScope (package:flutter/src/widgets/framework.dart:2772:5)
#1      BuildScope._flushDirtyElements (package:flutter/src/widgets/framework.dart:2806:18)
#2      BuildOwner.buildScope (package:flutter/src/widgets/framework.dart:3111:18)
#3      AutomatedTestWidgetsFlutterBinding.drawFrame (package:flutter_test/src/binding.dart:2131:19)
#4      RendererBinding._handlePersistentFrameCallback (package:flutter/src/rendering/binding.dart:495:5)
#5      SchedulerBinding._invokeFrameCallback (package:flutter/src/scheduler/binding.dart:1430:15)
#6      SchedulerBinding.handleDrawFrame (package:flutter/src/scheduler/binding.dart:1345:9)
#7      AutomatedTestWidgetsFlutterBinding.pump.<anonymous closure> (package:flutter_test/src/binding.dart:1960:9)
#10     TestAsyncUtils.guard (package:flutter_test/src/test_async_utils.dart:74:41)
#11     AutomatedTestWidgetsFlutterBinding.pump (package:flutter_test/src/binding.dart:1949:27)
#12     WidgetTester.pump.<anonymous closure> (package:flutter_test/src/widget_tester.dart:652:53)
#15     TestAsyncUtils.guard (package:flutter_test/src/test_async_utils.dart:74:41)
#16     WidgetTester.pump (package:flutter_test/src/widget_tester.dart:652:27)
#17     main.<anonymous closure> (file:///Users/juhanisnellman/dev/kuvari/test/widgets/tag_management_dialog_test.dart:105:18)
<asynchronous suspension>
#18     testWidgets.<anonymous closure>.<anonymous closure> (package:flutter_test/src/widget_tester.dart:192:15)
<asynchronous suspension>
#19     TestWidgetsFlutterBinding._runTestBody (package:flutter_test/src/binding.dart:1682:5)
<asynchronous suspension>
<asynchronous suspension>
(elided 5 frames from dart:async and package:stack_trace)
════════════════════════════════════════════════════════════════════════════════════════════════════
══╡ EXCEPTION CAUGHT BY FLUTTER TEST FRAMEWORK ╞════════════════════════════════════════════════════
The following assertion was thrown running a test:
The finder "Found 0 widgets with text "Add Tag": []" (used in a call to "tap()") could not find any
matching widgets.

When the exception was thrown, this was the stack:
#0      WidgetController._getElementPoint (package:flutter_test/src/controller.dart:2076:7)
#1      WidgetController.getCenter (package:flutter_test/src/controller.dart:1928:12)
#2      WidgetController.tap (package:flutter_test/src/controller.dart:1061:7)
#3      main.<anonymous closure> (file:///Users/juhanisnellman/dev/kuvari/test/widgets/tag_management_dialog_test.dart:107:18)
<asynchronous suspension>
#4      testWidgets.<anonymous closure>.<anonymous closure> (package:flutter_test/src/widget_tester.dart:192:15)
<asynchronous suspension>
#5      TestWidgetsFlutterBinding._runTestBody (package:flutter_test/src/binding.dart:1682:5)
<asynchronous suspension>
<asynchronous suspension>
(elided one frame from package:stack_trace)

The test description was:
  TagManagementDialog can create new tags
════════════════════════════════════════════════════════════════════════════════════════════════════
══╡ EXCEPTION CAUGHT BY FLUTTER TEST FRAMEWORK ╞════════════════════════════════════════════════════
The following message was thrown:
Multiple exceptions (6) were detected during the running of the current test, and at least one was
unexpected.
════════════════════════════════════════════════════════════════════════════════════════════════════
00:02 +0 -2: TagManagementDialog can create new tags [E]
  Test failed. See exception logs above.
  The test description was: TagManagementDialog can create new tags
  
[+2521 ms] test 0: Test harness is no longer needed by test process
[        ] test 0: finished
[   +1 ms] test 0: cleaning up...
[        ] test 0: ensuring test device is terminated.
[        ] test 0: Terminating flutter_tester process
[        ] test 0: Shutting down DevTools server
[        ] test 0: Test process is no longer needed by test harness
[   +2 ms] test 0: Shutting down test harness socket server
[  +20 ms] test 0: flutter_tester process at pid 4528 exited with code=-9
[        ] test 0: deleting temporary directory
[   +3 ms] test 0: finished
00:02 +0 -2: Some tests failed.
[   +9 ms] Deleting /var/folders/79/b6xrw31128709xl1mwfdcy_40000gn/T/flutter_tools.rxCzVO/flutter_test_compiler.8L2OhH...
[   +4 ms] killing pid 4523
[  +48 ms] Deleting /var/folders/79/b6xrw31128709xl1mwfdcy_40000gn/T/flutter_tools.rxCzVO/flutter_test_fonts.oab6yD...
[   +3 ms] test package returned with exit code 1
[        ] Runtime for phase TestRunner: Wall-clock: 0:00:05.251054; combined: 0:00:05.251135.
[        ] Runtime for phase Compile: Wall-clock: 0:00:01.596079; combined: 0:00:01.596153.
[        ] Runtime for phase Run: Wall-clock: 0:00:03.243331; combined: 0:00:03.243337.
[        ] Runtime for phase CoverageTotal: Wall-clock: 0:00:00.000000; combined: 0:00:00.000000.
[        ] Runtime for phase CoverageCollect: Wall-clock: 0:00:00.000000; combined: 0:00:00.000000.
[        ] Runtime for phase CoverageParseJson: Wall-clock: 0:00:00.000000; combined: 0:00:00.000000.
[        ] Runtime for phase CoverageAddHitmap: Wall-clock: 0:00:00.000000; combined: 0:00:00.000000.
[        ] Runtime for phase CoverageDataCollect: Wall-clock: 0:00:00.000000; combined: 0:00:00.000000.
[        ] Runtime for phase WatcherFinishedTest: Wall-clock: 0:00:00.000798; combined: 0:00:00.000803.
[   +2 ms] "flutter test" took 7,188ms.
[   +8 ms] executing: sw_vers -productName
[  +35 ms] Exit code 0 from: sw_vers -productName
[        ] macOS
[        ] executing: sw_vers -productVersion
[  +26 ms] Exit code 0 from: sw_vers -productVersion
[        ] 26.3
[        ] executing: sw_vers -buildVersion
[  +28 ms] Exit code 0 from: sw_vers -buildVersion
[        ] 25D125
[        ] executing: uname -m
[  +12 ms] Exit code 0 from: uname -m
[        ] x86_64
[  +92 ms] 
           #0      throwToolExit (package:flutter_tools/src/base/common.dart:34:3)
           #1      TestCommand.runCommand (package:flutter_tools/src/commands/test.dart:727:7)
           <asynchronous suspension>
           #2      FlutterCommand.run.<anonymous closure> (package:flutter_tools/src/runner/flutter_command.dart:1590:27)
           <asynchronous suspension>
           #3      AppContext.run.<anonymous closure> (package:flutter_tools/src/base/context.dart:154:19)
           <asynchronous suspension>
           #4      CommandRunner.runCommand (package:args/command_runner.dart:212:13)
           <asynchronous suspension>
           #5      FlutterCommandRunner.runCommand.<anonymous closure> (package:flutter_tools/src/runner/flutter_command_runner.dart:496:9)
           <asynchronous suspension>
           #6      AppContext.run.<anonymous closure> (package:flutter_tools/src/base/context.dart:154:19)
           <asynchronous suspension>
           #7      FlutterCommandRunner.runCommand (package:flutter_tools/src/runner/flutter_command_runner.dart:431:5)
           <asynchronous suspension>
           #8      FlutterCommandRunner.run.<anonymous closure> (package:flutter_tools/src/runner/flutter_command_runner.dart:307:33)
           <asynchronous suspension>
           #9      run.<anonymous closure>.<anonymous closure> (package:flutter_tools/runner.dart:104:11)
           <asynchronous suspension>
           #10     AppContext.run.<anonymous closure> (package:flutter_tools/src/base/context.dart:154:19)
           <asynchronous suspension>
           #11     main (package:flutter_tools/executable.dart:103:3)
           <asynchronous suspension>


[   +2 ms] Running 3 shutdown hooks
[   +3 ms] Shutdown hooks complete
[  +29 ms] exiting with code 1
